Component: ARM Compiler 5.06 update 5 (build 528) Tool: armlink [4d35e2]

==============================================================================

Section Cross References

    main.o(.text) refers to stm32f4xx_rcc.o(.text) for RCC_AHB1PeriphClockCmd
    main.o(.text) refers to stm32f4xx_gpio.o(.text) for GPIO_Init
    main.o(.text) refers to stm32f4xx_tim.o(.text) for TIM_TimeBaseInit
    main.o(.text) refers to stm32f4xx_usart.o(.text) for USART_Init
    main.o(.text) refers to stm32f4xx_spi.o(.text) for SPI_Init
    main.o(.text) refers to misc.o(.text) for NVIC_Init
    main.o(.text) refers to ds1307.o(.text) for DS1307::DS1307()
    main.o(.text) refers to system_stm32f4xx.o(.text) for SystemInit
    main.o(.text) refers to 25lc256.o(.text) for EEPROM_readByte
    main.o(.text) refers to array_new.o(i._Znaj) for operator new[] (unsigned)
    main.o(.text) refers to u_print.o(.text) for U_Print_Char
    main.o(.text) refers to array_del.o(i._ZdaPv) for operator delete[] (void*)
    main.o(.text) refers to function.o(.text) for Check_Open_Door
    main.o(.text) refers to main.o(.data) for _read
    main.o(.text) refers to strcpy.o(.text) for strcpy
    main.o(.text) refers to at_command.o(.text) for CheckAT
    main.o(.text) refers to system_stm32f4xx.o(.data) for SystemCoreClock
    main.o(.ARM.exidx) refers to main.o(.text) for .text
    main.o(.init_array) refers to main.o(.text) for __sti___8_main_cpp_time
    main.o(.init_array) refers to init_aeabi.o(.text) for __cpp_initialize__aeabi_
    u_print.o(.text) refers to _printf_percent.o(.ARM.Collect$$_printf_percent$$00000000) for _printf_percent
    u_print.o(.text) refers to _printf_d.o(.ARM.Collect$$_printf_percent$$00000009) for _printf_d
    u_print.o(.text) refers to _printf_dec.o(.text) for _printf_int_dec
    u_print.o(.text) refers to _printf_f.o(.ARM.Collect$$_printf_percent$$00000003) for _printf_f
    u_print.o(.text) refers to printf1.o(x$fpl$printf1) for _printf_fp_dec
    u_print.o(.text) refers to rt_memclr_w.o(.text) for __aeabi_memclr4
    u_print.o(.text) refers to __2sprintf.o(.text) for __2sprintf
    u_print.o(.text) refers to stm32f4xx_usart.o(.text) for USART_GetFlagStatus
    u_print.o(.text) refers to f2d.o(x$fpl$f2d) for __aeabi_f2d
    u_print.o(.ARM.exidx) refers to u_print.o(.text) for .text
    at_command.o(.text) refers to at_command.o(i._ZSt6strstrPcPKc) for std::strstr(char*, const char*)
    at_command.o(.ARM.exidx) refers to at_command.o(.text) for .text
    ds1307.o(.text) refers to stm32f4xx_rcc.o(.text) for RCC_AHB1PeriphClockCmd
    ds1307.o(.text) refers to stm32f4xx_gpio.o(.text) for GPIO_Init
    ds1307.o(.text) refers to stm32f4xx_i2c.o(.text) for I2C_Init
    ds1307.o(.ARM.exidx) refers to ds1307.o(.text) for .text
    function.o(.text) refers to stm32f4xx_gpio.o(.text) for GPIO_SetBits
    function.o(.text) refers to array_new.o(i._Znaj) for operator new[] (unsigned)
    function.o(.text) refers to 25lc256.o(.text) for EEPROM_readByte
    function.o(.text) refers to strstr.o(.text) for strstr
    function.o(.text) refers to u_print.o(.text) for U_Print_Char
    function.o(.text) refers to strcmpv7m.o(.text) for strcmp
    function.o(.text) refers to main.o(.data) for quantity
    function.o(.ARM.exidx) refers to function.o(.text) for .text
    25lc256.o(.text) refers to stm32f4xx_spi.o(.text) for SPI_I2S_GetFlagStatus
    25lc256.o(.text) refers to stm32f4xx_gpio.o(.text) for GPIO_ResetBits
    25lc256.o(.ARM.exidx) refers to 25lc256.o(.text) for .text
    stm32f4xx_gpio.o(.text) refers to stm32f4xx_rcc.o(.text) for RCC_AHB1PeriphResetCmd
    stm32f4xx_rcc.o(.text) refers to stm32f4xx_rcc.o(.data) for APBAHBPrescTable
    stm32f4xx_tim.o(.text) refers to stm32f4xx_rcc.o(.text) for RCC_APB2PeriphResetCmd
    stm32f4xx_usart.o(.text) refers to stm32f4xx_rcc.o(.text) for RCC_APB2PeriphResetCmd
    stm32f4xx_i2c.o(.text) refers to stm32f4xx_rcc.o(.text) for RCC_APB1PeriphResetCmd
    stm32f4xx_spi.o(.text) refers to stm32f4xx_rcc.o(.text) for RCC_APB2PeriphResetCmd
    system_stm32f4xx.o(.text) refers to system_stm32f4xx.o(.data) for SystemCoreClock
    startup_stm32f407xx.o(STACK) refers (Special) to heapauxi.o(.text) for __use_two_region_memory
    startup_stm32f407xx.o(HEAP) refers (Special) to heapauxi.o(.text) for __use_two_region_memory
    startup_stm32f407xx.o(RESET) refers (Special) to heapauxi.o(.text) for __use_two_region_memory
    startup_stm32f407xx.o(RESET) refers to startup_stm32f407xx.o(STACK) for __initial_sp
    startup_stm32f407xx.o(RESET) refers to startup_stm32f407xx.o(.text) for Reset_Handler
    startup_stm32f407xx.o(RESET) refers to main.o(.text) for SysTick_Handler
    startup_stm32f407xx.o(.text) refers (Special) to heapauxi.o(.text) for __use_two_region_memory
    startup_stm32f407xx.o(.text) refers to system_stm32f4xx.o(.text) for SystemInit
    startup_stm32f407xx.o(.text) refers to __main.o(!!!main) for __main
[...]
    .text                                    0x08004408   Section        8  rt_new_handler_addr_intlibspace.o(.text)
    .text                                    0x08004410   Section        0  h1_alloc.o(.text)
    .text                                    0x0800446e   Section        0  h1_free.o(.text)
    .text                                    0x080044bc   Section      138  lludiv10.o(.text)
    .text                                    0x08004548   Section        0  _printf_fp_infnan.o(.text)
    .text                                    0x080045c8   Section        0  bigflt0.o(.text)
    .text                                    0x080046ac   Section        0  arm_newhandler_noexceptions.o(.text)
    .text                                    0x080046b0   Section        8  libspace.o(.text)
    .text                                    0x080046b8   Section       74  sys_stackheap_outer.o(.text)
    .text                                    0x08004704   Section        8  rt_heap_descriptor_intlibspace.o(.text)
    .text                                    0x0800470c   Section        0  hguard.o(.text)
    .text                                    0x08004710   Section        0  init_alloc.o(.text)
    .text                                    0x0800479a   Section        0  h1_init.o(.text)
    .text                                    0x080047a8   Section        0  exit.o(.text)
    .text                                    0x080047ba   Section        0  arm_exceptions_terminate.o(.text)
    .text                                    0x080047d4   Section        0  h1_extend.o(.text)
    .text                                    0x08004808   Section        0  abort.o(.text)
    .text                                    0x0800481e   Section        0  defsig_rtmem_outer.o(.text)
    .text                                    0x0800482c   Section        0  arm_exceptions_globs.o(.text)
    [local to arm_exceptions_c]::__default_terminate_handler() 0x0800482d   Thumb Code     6  arm_exceptions_globs.o(.text)
    .text                                    0x0800487c   Section        0  sys_exit.o(.text)
    .text                                    0x08004888   Section        2  use_no_semi.o(.text)
    .text                                    0x0800488a   Section        0  indicate_semi.o(.text)
    .text                                    0x0800488c   Section        8  rt_eh_globals_addr_intlibspace.o(.text)
    .text                                    0x08004894   Section        0  defsig_exit.o(.text)
    .text                                    0x0800489e   Section        0  defsig_abrt_outer.o(.text)
    .text                                    0x080048ac   Section        0  defsig_rtmem_inner.o(.text)
    .text                                    0x080048fc   Section        0  arm_exceptions_mem.o(.text)
    .text                                    0x08004938   Section        0  defsig_general.o(.text)
    .text                                    0x0800496c   Section        0  defsig_abrt_inner.o(.text)
    .text                                    0x0800499c   Section        0  sys_wrch.o(.text)
    CL$$btod_d2e                             0x080049aa   Section       62  btod.o(CL$$btod_d2e)
    CL$$btod_d2e_denorm_low                  0x080049e8   Section       70  btod.o(CL$$btod_d2e_denorm_low)
    CL$$btod_d2e_norm_op1                    0x08004a2e   Section       96  btod.o(CL$$btod_d2e_norm_op1)
    CL$$btod_div_common                      0x08004a8e   Section      824  btod.o(CL$$btod_div_common)
    CL$$btod_e2e                             0x08004dc6   Section      220  btod.o(CL$$btod_e2e)
    CL$$btod_ediv                            0x08004ea2   Section       42  btod.o(CL$$btod_ediv)
    CL$$btod_emul                            0x08004ecc   Section       42  btod.o(CL$$btod_emul)
    CL$$btod_mult_common                     0x08004ef6   Section      580  btod.o(CL$$btod_mult_common)
    i._ZSt6strstrPcPKc                       0x0800513a   Section        0  at_command.o(i._ZSt6strstrPcPKc)
    i._ZdaPv                                 0x0800514a   Section        0  array_del.o(i._ZdaPv)
    i._ZdlPv                                 0x08005152   Section        0  delete.o(i._ZdlPv)
    i._Znaj                                  0x0800515a   Section        0  array_new.o(i._Znaj)
    i._Znwj                                  0x08005164   Section        0  new.o(i._Znwj)
    i.__ARM_fpclassify                       0x0800518c   Section        0  fpclassify.o(i.__ARM_fpclassify)
    i._is_digit                              0x080051bc   Section        0  __printf_wp.o(i._is_digit)
    locale$$code                             0x080051cc   Section       44  lc_numeric_c.o(locale$$code)
    x$fpl$dretinf                            0x080051f8   Section       12  dretinf.o(x$fpl$dretinf)
    $v0                                      0x080051f8   Number         0  dretinf.o(x$fpl$dretinf)
    x$fpl$f2d                                0x08005204   Section       86  f2d.o(x$fpl$f2d)
    $v0                                      0x08005204   Number         0  f2d.o(x$fpl$f2d)
    x$fpl$fnaninf                            0x0800525a   Section      140  fnaninf.o(x$fpl$fnaninf)
    $v0                                      0x0800525a   Number         0  fnaninf.o(x$fpl$fnaninf)
    x$fpl$fpinit                             0x080052e6   Section       10  fpinit.o(x$fpl$fpinit)
    $v0                                      0x080052e6   Number         0  fpinit.o(x$fpl$fpinit)
    x$fpl$printf1                            0x080052f0   Section        4  printf1.o(x$fpl$printf1)
    $v0                                      0x080052f0   Number         0  printf1.o(x$fpl$printf1)
    .constdata                               0x080052f4   Section       17  __printf_flags_wp.o(.constdata)
    x$fpl$usenofp                            0x080052f4   Section        0  usenofp.o(x$fpl$usenofp)
    maptable                                 0x080052f4   Data          17  __printf_flags_wp.o(.constdata)
    .constdata                               0x08005308   Section      148  bigflt0.o(.constdata)
    tenpwrs_x                                0x08005308   Data          60  bigflt0.o(.constdata)
    tenpwrs_i                                0x08005344   Data          64  bigflt0.o(.constdata)
    locale$$data                             0x080053bc   Section       28  lc_numeric_c.o(locale$$data)
    __lcnum_c_name                           0x080053c0   Data           2  lc_numeric_c.o(locale$$data)
    __lcnum_c_start                          0x080053c8   Data           0  lc_numeric_c.o(locale$$data)
    __lcnum_c_point                          0x080053d4   Data           0  lc_numeric_c.o(locale$$data)
    __lcnum_c_thousands                      0x080053d6   Data           0  lc_numeric_c.o(locale$$data)
    __lcnum_c_grouping                       0x080053d7   Data           0  lc_numeric_c.o(locale$$data)
    .init_array                              0x080053d8   Section        4  main.o(.init_array)
    __lcnum_c_end                            0x080053d8   Data           0  lc_numeric_c.o(locale$$data)
    .init_array                              0x080053dc   Section        0  init_aeabi.o(.init_array)
    .data                                    0x20000000   Section       19  main.o(.data)
    .data                                    0x20000013   Section       16  stm32f4xx_rcc.o(.data)
    APBAHBPrescTable                         0x20000013   Data          16  stm32f4xx_rcc.o(.data)
    .data                                    0x20000024   Section       20  system_stm32f4xx.o(.data)
    .bss                                     0x20000038   Section       96  libspace.o(.bss)
    HEAP                                     0x20000098   Section      512  startup_stm32f407xx.o(HEAP)
    Heap_Mem                                 0x20000098   Data         512  startup_stm32f407xx.o(HEAP)
    STACK                                    0x20000298   Section     1024  startup_stm32f407xx.o(STACK)
    Stack_Mem                                0x20000298   Data        1024  startup_stm32f407xx.o(STACK)
    __initial_sp                             0x20000698   Data           0  startup_stm32f407xx.o(STACK)

    Global Symbols

    Symbol Name                              Value     Ov Type        Size  Object(Section)

    BuildAttributes$$THM_ISAv4$E$P$D$K$B$S$7EM$VFPi3$EXTD16$VFPS$VFMA$PE$A:L22UL41UL21$X:L11$S22US41US21$IEEE1$IW$USESV6$~STKCKD$USESV7$~SHL$OTIME$ROPI$IEEEJ$EBA8$UX$STANDARDLIB$REQ8$PRES8$EABIv2 0x00000000   Number         0  anon$$obj.o ABSOLUTE
    __ARM_use_no_argv                        0x00000000   Number         0  main.o ABSOLUTE
    _printf_flags                            0x00000000   Number         0  printf_stubs.o ABSOLUTE
    _printf_return_value                     0x00000000   Number         0  printf_stubs.o ABSOLUTE
    _printf_sizespec                         0x00000000   Number         0  printf_stubs.o ABSOLUTE
    _printf_widthprec                        0x00000000   Number         0  printf_stubs.o ABSOLUTE
    SHT$$ARM_EXIDX$$Base                      - Undefined Reference
    SHT$$ARM_EXIDX$$Limit                     - Undefined Reference
    __ARM::default_unexpected_handler()       - Undefined Weak Reference
    __ARM_exceptions_buffer_required          - Undefined Weak Reference
    __ARM_exceptions_init                     - Undefined Weak Reference
    __aeabi_unwind_cpp_pr1                    - Undefined Weak Reference
    __aeabi_unwind_cpp_pr2                    - Undefined Weak Reference
    __alloca_initialize                       - Undefined Weak Reference
    __arm_preinit_                            - Undefined Weak Reference
    __cxa_begin_cleanup                       - Undefined Weak Reference
    __cxa_finalize                            - Undefined Weak Reference
    __cxa_type_match                          - Undefined Weak Reference
    __sigvec_lookup                           - Undefined Weak Reference
    __user_heap_extent                        - Undefined Weak Reference
    _atexit_init                              - Undefined Weak Reference
    _call_atexit_fns                          - Undefined Weak Reference
    _clock_init                               - Undefined Weak Reference
    _fp_trap_init                             - Undefined Weak Reference
    _fp_trap_shutdown                         - Undefined Weak Reference
    _get_lc_collate                           - Undefined Weak Reference
    _get_lc_ctype                             - Undefined Weak Reference
    _get_lc_monetary                          - Undefined Weak Reference
    _get_lc_time                              - Undefined Weak Reference
    _getenv_init                              - Undefined Weak Reference
    _handle_redirection                       - Undefined Weak Reference
    _initio                                   - Undefined Weak Reference
    _mutex_acquire                            - Undefined Weak Reference
    _mutex_free                               - Undefined Weak Reference
    _mutex_release                            - Undefined Weak Reference
    _printf_post_padding                      - Undefined Weak Reference
    _printf_pre_padding                       - Undefined Weak Reference
    _printf_truncate_signed                   - Undefined Weak Reference
    _printf_truncate_unsigned                 - Undefined Weak Reference
    _rand_init                                - Undefined Weak Reference
    _signal_finish                            - Undefined Weak Reference
    _signal_init                              - Undefined Weak Reference
    _terminateio                              - Undefined Weak Reference
    __Vectors_Size                           0x00000188   Number         0  startup_stm32f407xx.o ABSOLUTE
    __Vectors                                0x08000000   Data           4  startup_stm32f407xx.o(RESET)
    __Vectors_End                            0x08000188   Data           0  startup_stm32f407xx.o(RESET)
    __main                                   0x08000189   Thumb Code     8  __main.o(!!!main)
    __scatterload                            0x08000191   Thumb Code     0  __scatter.o(!!!scatter)
    __scatterload_rt2                        0x08000191   Thumb Code    44  __scatter.o(!!!scatter)
    __scatterload_rt2_thumb_only             0x08000191   Thumb Code     0  __scatter.o(!!!scatter)
    __scatterload_null                       0x0800019f   Thumb Code     0  __scatter.o(!!!scatter)
    __scatterload_copy                       0x080001c5   Thumb Code    26  __scatter_copy.o(!!handler_copy)
    __scatterload_zeroinit                   0x080001e1   Thumb Code    28  __scatter_zi.o(!!handler_zi)
    _printf_f                                0x080001fd   Thumb Code     0  _printf_f.o(.ARM.Collect$$_printf_percent$$00000003)
    _printf_percent                          0x080001fd   Thumb Code     0  _printf_percent.o(.ARM.Collect$$_printf_percent$$00000000)
    _printf_d                                0x08000203   Thumb Code     0  _printf_d.o(.ARM.Collect$$_printf_percent$$00000009)
    _printf_percent_end                      0x08000209   Thumb Code     0  _printf_percent_end.o(.ARM.Collect$$_printf_percent$$00000017)
    __rt_lib_init                            0x0800020d   Thumb Code     0  libinit.o(.ARM.Collect$$libinit$$00000000)
    __rt_lib_init_fp_1                       0x0800020f   Thumb Code     0  libinit2.o(.ARM.Collect$$libinit$$00000001)
    __rt_lib_init_heap_2                     0x08000213   Thumb Code     0  libinit2.o(.ARM.Collect$$libinit$$00000005)
    __rt_lib_init_preinit_1                  0x08000213   Thumb Code     0  libinit2.o(.ARM.Collect$$libinit$$00000004)
    __rt_lib_init_heap_1                     0x0800021b   Thumb Code     0  libinit2.o(.ARM.Collect$$libinit$$0000000A)
    __rt_lib_init_lc_common                  0x0800021b   Thumb Code     0  libinit2.o(.ARM.Collect$$libinit$$0000000F)
    __rt_lib_init_rand_1                     0x0800021b   Thumb Code     0  libinit2.o(.ARM.Collect$$libinit$$0000000E)
    __rt_lib_init_user_alloc_1               0x0800021b   Thumb Code     0  libinit2.o(.ARM.Collect$$libinit$$0000000C)
    __rt_lib_init_lc_collate_1               0x08000221   Thumb Code     0  libinit2.o(.ARM.Collect$$libinit$$00000011)
    __rt_lib_init_lc_ctype_1                 0x08000221   Thumb Code     0  libinit2.o(.ARM.Collect$$libinit$$00000013)
    __rt_lib_init_lc_monetary_1              0x08000221   Thumb Code     0  libinit2.o(.ARM.Collect$$libinit$$00000015)
    __rt_lib_init_lc_numeric_2               0x08000221   Thumb Code     0  libinit2.o(.ARM.Collect$$libinit$$00000016)
    __rt_lib_init_alloca_1                   0x0800022b   Thumb Code     0  libinit2.o(.ARM.Collect$$libinit$$0000002E)
    __rt_lib_init_argv_1                     0x0800022b   Thumb Code     0  libinit2.o(.ARM.Collect$$libinit$$0000002C)
    __rt_lib_init_atexit_1                   0x0800022b   Thumb Code     0  libinit2.o(.ARM.Collect$$libinit$$0000001B)
    __rt_lib_init_clock_1                    0x0800022b   Thumb Code     0  libinit2.o(.ARM.Collect$$libinit$$00000021)
    __rt_lib_init_cpp_2                      0x0800022b   Thumb Code     0  libinit2.o(.ARM.Collect$$libinit$$00000031)
    __rt_lib_init_exceptions_1               0x0800022b   Thumb Code     0  libinit2.o(.ARM.Collect$$libinit$$00000030)
    __rt_lib_init_fp_trap_1                  0x0800022b   Thumb Code     0  libinit2.o(.ARM.Collect$$libinit$$0000001F)
    __rt_lib_init_getenv_1                   0x0800022b   Thumb Code     0  libinit2.o(.ARM.Collect$$libinit$$00000023)
    __rt_lib_init_lc_numeric_1               0x0800022b   Thumb Code     0  libinit2.o(.ARM.Collect$$libinit$$00000017)
    __rt_lib_init_lc_time_1                  0x0800022b   Thumb Code     0  libinit2.o(.ARM.Collect$$libinit$$00000019)
    __rt_lib_init_signal_1                   0x0800022b   Thumb Code     0  libinit2.o(.ARM.Collect$$libinit$$0000001D)
    __rt_lib_init_stdio_1                    0x0800022b   Thumb Code     0  libinit2.o(.ARM.Collect$$libinit$$00000025)
    __rt_lib_init_cpp_1                      0x0800022f   Thumb Code     0  libinit2.o(.ARM.Collect$$libinit$$00000032)
    __rt_lib_init_return                     0x0800022f   Thumb Code     0  libinit2.o(.ARM.Collect$$libinit$$00000033)
    __rt_lib_shutdown                        0x08000231   Thumb Code     0  libshutdown.o(.ARM.Collect$$libshutdown$$00000000)
    __rt_lib_shutdown_cpp_1                  0x08000233   Thumb Code     0  libshutdown2.o(.ARM.Collect$$libshutdown$$00000002)
    __rt_lib_shutdown_fp_trap_1              0x08000233   Thumb Code     0  libshutdown2.o(.ARM.Collect$$libshutdown$$00000007)
    __rt_lib_shutdown_heap_1                 0x08000233   Thumb Code     0  libshutdown2.o(.ARM.Collect$$libshutdown$$0000000F)
    __rt_lib_shutdown_return                 0x08000233   Thumb Code     0  libshutdown2.o(.ARM.Collect$$libshutdown$$00000010)
    __rt_lib_shutdown_signal_1               0x08000233   Thumb Code     0  libshutdown2.o(.ARM.Collect$$libshutdown$$0000000A)
    __rt_lib_shutdown_stdio_1                0x08000233   Thumb Code     0  libshutdown2.o(.ARM.Collect$$libshutdown$$00000004)
    __rt_lib_shutdown_user_alloc_1           0x08000233   Thumb Code     0  libshutdown2.o(.ARM.Collect$$libshutdown$$0000000C)
    __rt_entry                               0x08000235   Thumb Code     0  __rtentry.o(.ARM.Collect$$rtentry$$00000000)
    __rt_entry_presh_1                       0x08000235   Thumb Code     0  __rtentry2.o(.ARM.Collect$$rtentry$$00000002)
    __rt_entry_sh                            0x08000235   Thumb Code     0  __rtentry4.o(.ARM.Collect$$rtentry$$00000004)
    __rt_entry_li                            0x0800023b   Thumb Code     0  __rtentry2.o(.ARM.Collect$$rtentry$$0000000A)
    __rt_entry_postsh_1                      0x0800023b   Thumb Code     0  __rtentry2.o(.ARM.Collect$$rtentry$$00000009)
    __rt_entry_main                          0x0800023f   Thumb Code     0  __rtentry2.o(.ARM.Collect$$rtentry$$0000000D)
    __rt_entry_postli_1                      0x0800023f   Thumb Code     0  __rtentry2.o(.ARM.Collect$$rtentry$$0000000C)
    __rt_exit                                0x08000247   Thumb Code     0  rtexit.o(.ARM.Collect$$rtexit$$00000000)
    __rt_exit_ls                             0x08000249   Thumb Code     0  rtexit2.o(.ARM.Collect$$rtexit$$00000003)
    __rt_exit_prels_1                        0x08000249   Thumb Code     0  rtexit2.o(.ARM.Collect$$rtexit$$00000002)
    __rt_exit_exit                           0x0800024d   Thumb Code     0  rtexit2.o(.ARM.Collect$$rtexit$$00000004)
    Init_peripheral                          0x08000255   Thumb Code   672  main.o(.text)
    _maybe_terminate_alloc                   0x08000255   Thumb Code     0  maybetermalloc1.o(.emb_text)
    main                                     0x080004f5   Thumb Code  1302  main.o(.text)
    USART2_IRQHandler                        0x08000a0b   Thumb Code   116  main.o(.text)
    USART1_IRQHandler                        0x08000a7f   Thumb Code   198  main.o(.text)
    TIM4_IRQHandler                          0x08000b45   Thumb Code    32  main.o(.text)
    SysTick_Init                             0x08000b65   Thumb Code    88  main.o(.text)
    SysTick_Handler                          0x08000bbd   Thumb Code     2  main.o(.text)
    U_Print                                  0x08000bfd   Thumb Code    74  u_print.o(.text)
    U_Print_Char                             0x08000c47   Thumb Code    48  u_print.o(.text)
    U_Print_float                            0x08000c77   Thumb Code    98  u_print.o(.text)
    CheckAT                                  0x08000ce5   Thumb Code   134  at_command.o(.text)
    Check_ID                                 0x08000d6b   Thumb Code    22  at_command.o(.text)
    Check_Door                               0x08000d81   Thumb Code    46  at_command.o(.text)
    DS1307::DS1307()                         0x08000e29   Thumb Code     2  ds1307.o(.text)
    DS1307::DS1307__sub_object()             0x08000e29   Thumb Code     0  ds1307.o(.text)
    DS1307::DS1307Init()                     0x08000e2b   Thumb Code   132  ds1307.o(.text)
    DS1307::DS1307ReadTime()                 0x08000eaf   Thumb Code   334  ds1307.o(.text)
    DS1307::DS1307SetTime()                  0x08000ffd   Thumb Code   170  ds1307.o(.text)
    DS1307::DS1307GetTimeString()            0x080010a7   Thumb Code    48  ds1307.o(.text)
    DS1307::~DS1307()                        0x080010d7   Thumb Code     2  ds1307.o(.text)
    DS1307::~DS1307__sub_object()            0x080010d7   Thumb Code     0  ds1307.o(.text)
    OpenDoor                                 0x080010f9   Thumb Code    60  function.o(.text)
    CloseDoor                                0x08001135   Thumb Code    60  function.o(.text)
    led_toggle                               0x08001171   Thumb Code    40  function.o(.text)
    IDADD_READ_RFID                          0x08001199   Thumb Code    48  function.o(.text)
    IDADD_READ_TIME                          0x080011c9   Thumb Code    60  function.o(.text)
    IDADD_READ_DOOR                          0x08001205   Thumb Code    20  function.o(.text)
    Check_Open_Door                          0x08001219   Thumb Code   164  function.o(.text)
    ID_DEL                                   0x080012bd   Thumb Code   154  function.o(.text)
    SPI_ReadWrite                            0x08001379   Thumb Code    50  25lc256.o(.text)
    SPI_Write_Reg                            0x080013ab   Thumb Code    46  25lc256.o(.text)
    SPI_Read_Reg                             0x080013d9   Thumb Code    50  25lc256.o(.text)
    EEPROM_writeEnable                       0x0800140b   Thumb Code    30  25lc256.o(.text)
    EEPROM_readStatus                        0x08001429   Thumb Code    42  25lc256.o(.text)
    EEPROM_send16BitAddress                  0x08001453   Thumb Code    18  25lc256.o(.text)
    EEPROM_readByte                          0x08001465   Thumb Code    50  25lc256.o(.text)
    EEPROM_readWord                          0x08001497   Thumb Code    72  25lc256.o(.text)
    EEPROM_writeByte                         0x080014df   Thumb Code    62  25lc256.o(.text)
    EEPROM_writeWord                         0x0800151d   Thumb Code    68  25lc256.o(.text)
    EEPROM_clearAll                          0x08001561   Thumb Code    88  25lc256.o(.text)
    GPIO_DeInit                              0x080015c1   Thumb Code   268  stm32f4xx_gpio.o(.text)
    GPIO_Init                                0x080016cd   Thumb Code   144  stm32f4xx_gpio.o(.text)
    GPIO_StructInit                          0x0800175d   Thumb Code    18  stm32f4xx_gpio.o(.text)
    GPIO_PinLockConfig                       0x0800176f   Thumb Code    34  stm32f4xx_gpio.o(.text)
    GPIO_ReadInputDataBit                    0x08001791   Thumb Code    18  stm32f4xx_gpio.o(.text)
    GPIO_ReadInputData                       0x080017a3   Thumb Code     8  stm32f4xx_gpio.o(.text)
    GPIO_ReadOutputDataBit                   0x080017ab   Thumb Code    18  stm32f4xx_gpio.o(.text)
    GPIO_ReadOutputData                      0x080017bd   Thumb Code     8  stm32f4xx_gpio.o(.text)
    GPIO_SetBits                             0x080017c5   Thumb Code     4  stm32f4xx_gpio.o(.text)
    GPIO_ResetBits                           0x080017c9   Thumb Code     4  stm32f4xx_gpio.o(.text)
    GPIO_WriteBit                            0x080017cd   Thumb Code    10  stm32f4xx_gpio.o(.text)
    GPIO_Write                               0x080017d7   Thumb Code     4  stm32f4xx_gpio.o(.text)
    GPIO_ToggleBits                          0x080017db   Thumb Code     8  stm32f4xx_gpio.o(.text)
    GPIO_PinAFConfig                         0x080017e3   Thumb Code    70  stm32f4xx_gpio.o(.text)
    RCC_DeInit                               0x08001855   Thumb Code    82  stm32f4xx_rcc.o(.text)
    RCC_HSEConfig                            0x080018a7   Thumb Code    14  stm32f4xx_rcc.o(.text)
    RCC_GetFlagStatus                        0x080018b5   Thumb Code    60  stm32f4xx_rcc.o(.text)
    RCC_WaitForHSEStartUp                    0x080018f1   Thumb Code    56  stm32f4xx_rcc.o(.text)
    RCC_AdjustHSICalibrationValue            0x08001929   Thumb Code    20  stm32f4xx_rcc.o(.text)
    RCC_HSICmd                               0x0800193d   Thumb Code     6  stm32f4xx_rcc.o(.text)
    RCC_LSEConfig                            0x08001943   Thumb Code    46  stm32f4xx_rcc.o(.text)
    RCC_LSICmd                               0x08001971   Thumb Code     6  stm32f4xx_rcc.o(.text)
    RCC_PLLConfig                            0x08001977   Thumb Code    32  stm32f4xx_rcc.o(.text)
    RCC_PLLCmd                               0x08001997   Thumb Code     6  stm32f4xx_rcc.o(.text)
    RCC_PLLI2SConfig                         0x0800199d   Thumb Code    14  stm32f4xx_rcc.o(.text)
    RCC_PLLI2SCmd                            0x080019ab   Thumb Code     6  stm32f4xx_rcc.o(.text)
    RCC_PLLSAIConfig                         0x080019b1   Thumb Code    20  stm32f4xx_rcc.o(.text)
    RCC_PLLSAICmd                            0x080019c5   Thumb Code     6  stm32f4xx_rcc.o(.text)
    RCC_ClockSecuritySystemCmd               0x080019cb   Thumb Code     6  stm32f4xx_rcc.o(.text)
    RCC_MCO1Config                           0x080019d1   Thumb Code    28  stm32f4xx_rcc.o(.text)
    RCC_MCO2Config                           0x080019ed   Thumb Code    28  stm32f4xx_rcc.o(.text)
    RCC_SYSCLKConfig                         0x08001a09   Thumb Code    20  stm32f4xx_rcc.o(.text)
    RCC_GetSYSCLKSource                      0x08001a1d   Thumb Code    12  stm32f4xx_rcc.o(.text)
    RCC_HCLKConfig                           0x08001a29   Thumb Code    20  stm32f4xx_rcc.o(.text)
    RCC_PCLK1Config                          0x08001a3d   Thumb Code    20  stm32f4xx_rcc.o(.text)
    RCC_PCLK2Config                          0x08001a51   Thumb Code    22  stm32f4xx_rcc.o(.text)
    RCC_GetClocksFreq                        0x08001a67   Thumb Code   222  stm32f4xx_rcc.o(.text)
    RCC_RTCCLKConfig                         0x08001b45   Thumb Code    54  stm32f4xx_rcc.o(.text)
    RCC_RTCCLKCmd                            0x08001b7b   Thumb Code     8  stm32f4xx_rcc.o(.text)
    RCC_BackupResetCmd                       0x08001b83   Thumb Code     8  stm32f4xx_rcc.o(.text)
    RCC_I2SCLKConfig                         0x08001b8b   Thumb Code     6  stm32f4xx_rcc.o(.text)
    RCC_SAIBlockACLKConfig                   0x08001b91   Thumb Code    20  stm32f4xx_rcc.o(.text)
    RCC_SAIBlockBCLKConfig                   0x08001ba5   Thumb Code    20  stm32f4xx_rcc.o(.text)
    RCC_SAIPLLI2SClkDivConfig                0x08001bb9   Thumb Code    26  stm32f4xx_rcc.o(.text)
    RCC_SAIPLLSAIClkDivConfig                0x08001bd3   Thumb Code    28  stm32f4xx_rcc.o(.text)
    RCC_LTDCCLKDivConfig                     0x08001bef   Thumb Code    20  stm32f4xx_rcc.o(.text)
    RCC_TIMCLKPresConfig                     0x08001c03   Thumb Code     6  stm32f4xx_rcc.o(.text)
    RCC_AHB1PeriphClockCmd                   0x08001c09   Thumb Code    34  stm32f4xx_rcc.o(.text)
    RCC_AHB2PeriphClockCmd                   0x08001c2b   Thumb Code    78  stm32f4xx_rcc.o(.text)
    RCC_AHB3PeriphClockCmd                   0x08001c79   Thumb Code    34  stm32f4xx_rcc.o(.text)
    RCC_APB1PeriphClockCmd                   0x08001c9b   Thumb Code    34  stm32f4xx_rcc.o(.text)
    RCC_APB2PeriphClockCmd                   0x08001cbd   Thumb Code    34  stm32f4xx_rcc.o(.text)
    RCC_AHB1PeriphResetCmd                   0x08001cdf   Thumb Code    34  stm32f4xx_rcc.o(.text)
    RCC_AHB2PeriphResetCmd                   0x08001d01   Thumb Code    34  stm32f4xx_rcc.o(.text)
    RCC_AHB3PeriphResetCmd                   0x08001d23   Thumb Code    34  stm32f4xx_rcc.o(.text)
    RCC_APB1PeriphResetCmd                   0x08001d45   Thumb Code    34  stm32f4xx_rcc.o(.text)
    RCC_APB2PeriphResetCmd                   0x08001d67   Thumb Code    34  stm32f4xx_rcc.o(.text)
    RCC_AHB1PeriphClockLPModeCmd             0x08001d89   Thumb Code    34  stm32f4xx_rcc.o(.text)
    RCC_AHB2PeriphClockLPModeCmd             0x08001dab   Thumb Code    34  stm32f4xx_rcc.o(.text)
    RCC_AHB3PeriphClockLPModeCmd             0x08001dcd   Thumb Code    34  stm32f4xx_rcc.o(.text)
    RCC_APB1PeriphClockLPModeCmd             0x08001def   Thumb Code    34  stm32f4xx_rcc.o(.text)
    RCC_APB2PeriphClockLPModeCmd             0x08001e11   Thumb Code    34  stm32f4xx_rcc.o(.text)
    RCC_LSEModeConfig                        0x08001e33   Thumb Code    40  stm32f4xx_rcc.o(.text)
    RCC_ITConfig                             0x08001e5b   Thumb Code    34  stm32f4xx_rcc.o(.text)
    RCC_ClearFlag                            0x08001e7d   Thumb Code    18  stm32f4xx_rcc.o(.text)
    RCC_GetITStatus                          0x08001e8f   Thumb Code    22  stm32f4xx_rcc.o(.text)
    RCC_ClearITPendingBit                    0x08001ea5   Thumb Code     8  stm32f4xx_rcc.o(.text)
    TIM_DeInit                               0x08001eb1   Thumb Code   346  stm32f4xx_tim.o(.text)
    TIM_TimeBaseInit                         0x0800200b   Thumb Code   104  stm32f4xx_tim.o(.text)
    TIM_TimeBaseStructInit                   0x08002073   Thumb Code    18  stm32f4xx_tim.o(.text)
    TIM_PrescalerConfig                      0x08002085   Thumb Code     6  stm32f4xx_tim.o(.text)
    TIM_CounterModeConfig                    0x0800208b   Thumb Code    18  stm32f4xx_tim.o(.text)
    TIM_SetCounter                           0x0800209d   Thumb Code     4  stm32f4xx_tim.o(.text)
    TIM_SetAutoreload                        0x080020a1   Thumb Code     4  stm32f4xx_tim.o(.text)
    TIM_GetCounter                           0x080020a5   Thumb Code     6  stm32f4xx_tim.o(.text)
    TIM_GetPrescaler                         0x080020ab   Thumb Code     6  stm32f4xx_tim.o(.text)
    TIM_UpdateDisableConfig                  0x080020b1   Thumb Code    24  stm32f4xx_tim.o(.text)
    TIM_UpdateRequestConfig                  0x080020c9   Thumb Code    24  stm32f4xx_tim.o(.text)
    TIM_ARRPreloadConfig                     0x080020e1   Thumb Code    24  stm32f4xx_tim.o(.text)
    TIM_SelectOnePulseMode                   0x080020f9   Thumb Code    18  stm32f4xx_tim.o(.text)
    TIM_SetClockDivision                     0x0800210b   Thumb Code    18  stm32f4xx_tim.o(.text)
    TIM_Cmd                                  0x0800211d   Thumb Code    24  stm32f4xx_tim.o(.text)
    TIM_OC1Init                              0x08002135   Thumb Code   114  stm32f4xx_tim.o(.text)
    TIM_OC2Init                              0x080021a7   Thumb Code   154  stm32f4xx_tim.o(.text)
    TIM_OC3Init                              0x08002241   Thumb Code   204  stm32f4xx_tim.o(.text)
    TIM_OC4Init                              0x0800230d   Thumb Code   112  stm32f4xx_tim.o(.text)
    TIM_OCStructInit                         0x0800237d   Thumb Code    20  stm32f4xx_tim.o(.text)
    TIM_SelectOCxM                           0x08002391   Thumb Code    86  stm32f4xx_tim.o(.text)
    TIM_SetCompare1                          0x080023e7   Thumb Code     4  stm32f4xx_tim.o(.text)
    TIM_SetCompare2                          0x080023eb   Thumb Code     4  stm32f4xx_tim.o(.text)
    TIM_SetCompare3                          0x080023ef   Thumb Code     4  stm32f4xx_tim.o(.text)
    TIM_SetCompare4                          0x080023f3   Thumb Code     4  stm32f4xx_tim.o(.text)
    TIM_ForcedOC1Config                      0x080023f7   Thumb Code    18  stm32f4xx_tim.o(.text)
    TIM_ForcedOC2Config                      0x08002409   Thumb Code    26  stm32f4xx_tim.o(.text)
    TIM_ForcedOC3Config                      0x08002423   Thumb Code    18  stm32f4xx_tim.o(.text)
    TIM_ForcedOC4Config                      0x08002435   Thumb Code    26  stm32f4xx_tim.o(.text)
    TIM_OC1PreloadConfig                     0x0800244f   Thumb Code    18  stm32f4xx_tim.o(.text)
    TIM_OC2PreloadConfig                     0x08002461   Thumb Code    26  stm32f4xx_tim.o(.text)
    TIM_OC3PreloadConfig                     0x0800247b   Thumb Code    18  stm32f4xx_tim.o(.text)
    TIM_OC4PreloadConfig                     0x0800248d   Thumb Code    26  stm32f4xx_tim.o(.text)
    TIM_OC1FastConfig                        0x080024a7   Thumb Code    18  stm32f4xx_tim.o(.text)
    TIM_OC2FastConfig                        0x080024b9   Thumb Code    26  stm32f4xx_tim.o(.text)
    TIM_OC3FastConfig                        0x080024d3   Thumb Code    18  stm32f4xx_tim.o(.text)
    TIM_OC4FastConfig                        0x080024e5   Thumb Code    26  stm32f4xx_tim.o(.text)
    TIM_ClearOC1Ref                          0x080024ff   Thumb Code    18  stm32f4xx_tim.o(.text)
    TIM_ClearOC2Ref                          0x08002511   Thumb Code    24  stm32f4xx_tim.o(.text)
    TIM_ClearOC3Ref                          0x08002529   Thumb Code    18  stm32f4xx_tim.o(.text)
    TIM_ClearOC4Ref                          0x0800253b   Thumb Code    24  stm32f4xx_tim.o(.text)
    TIM_OC1PolarityConfig                    0x08002553   Thumb Code    18  stm32f4xx_tim.o(.text)
    TIM_OC1NPolarityConfig                   0x08002565   Thumb Code    18  stm32f4xx_tim.o(.text)
    TIM_OC2PolarityConfig                    0x08002577   Thumb Code    26  stm32f4xx_tim.o(.text)
    TIM_OC2NPolarityConfig                   0x08002591   Thumb Code    26  stm32f4xx_tim.o(.text)
    TIM_OC3PolarityConfig                    0x080025ab   Thumb Code    26  stm32f4xx_tim.o(.text)
    TIM_OC3NPolarityConfig                   0x080025c5   Thumb Code    26  stm32f4xx_tim.o(.text)
    TIM_OC4PolarityConfig                    0x080025df   Thumb Code    26  stm32f4xx_tim.o(.text)
    TIM_CCxCmd                               0x080025f9   Thumb Code    30  stm32f4xx_tim.o(.text)
    TIM_CCxNCmd                              0x08002617   Thumb Code    30  stm32f4xx_tim.o(.text)
    TIM_SetIC4Prescaler                      0x08002635   Thumb Code    26  stm32f4xx_tim.o(.text)
    TIM_SetIC3Prescaler                      0x0800269f   Thumb Code    18  stm32f4xx_tim.o(.text)
    TIM_SetIC2Prescaler                      0x080026f9   Thumb Code    26  stm32f4xx_tim.o(.text)
    TIM_SetIC1Prescaler                      0x0800276d   Thumb Code    18  stm32f4xx_tim.o(.text)
    TIM_ICInit                               0x080027b9   Thumb Code   110  stm32f4xx_tim.o(.text)
    TIM_ICStructInit                         0x08002827   Thumb Code    18  stm32f4xx_tim.o(.text)
    TIM_PWMIConfig                           0x08002839   Thumb Code   124  stm32f4xx_tim.o(.text)
    TIM_GetCapture1                          0x080028b5   Thumb Code     6  stm32f4xx_tim.o(.text)
    TIM_GetCapture2                          0x080028bb   Thumb Code     6  stm32f4xx_tim.o(.text)
    TIM_GetCapture3                          0x080028c1   Thumb Code     6  stm32f4xx_tim.o(.text)
    TIM_GetCapture4                          0x080028c7   Thumb Code     6  stm32f4xx_tim.o(.text)
    TIM_BDTRConfig                           0x080028cd   Thumb Code    32  stm32f4xx_tim.o(.text)
    TIM_BDTRStructInit                       0x080028ed   Thumb Code    18  stm32f4xx_tim.o(.text)
    TIM_CtrlPWMOutputs                       0x080028ff   Thumb Code    30  stm32f4xx_tim.o(.text)
    TIM_SelectCOM                            0x0800291d   Thumb Code    24  stm32f4xx_tim.o(.text)
    TIM_CCPreloadControl                     0x08002935   Thumb Code    24  stm32f4xx_tim.o(.text)
    TIM_ITConfig                             0x0800294d   Thumb Code    18  stm32f4xx_tim.o(.text)
    TIM_GenerateEvent                        0x0800295f   Thumb Code     4  stm32f4xx_tim.o(.text)
    TIM_GetFlagStatus                        0x08002963   Thumb Code    18  stm32f4xx_tim.o(.text)
    TIM_ClearFlag                            0x08002975   Thumb Code     6  stm32f4xx_tim.o(.text)
    TIM_GetITStatus                          0x0800297b   Thumb Code    34  stm32f4xx_tim.o(.text)
    TIM_ClearITPendingBit                    0x0800299d   Thumb Code     6  stm32f4xx_tim.o(.text)
    TIM_DMAConfig                            0x080029a3   Thumb Code    10  stm32f4xx_tim.o(.text)
    TIM_DMACmd                               0x080029ad   Thumb Code    18  stm32f4xx_tim.o(.text)
    TIM_SelectCCDMA                          0x080029bf   Thumb Code    24  stm32f4xx_tim.o(.text)
    TIM_InternalClockConfig                  0x080029d7   Thumb Code    12  stm32f4xx_tim.o(.text)
    TIM_SelectInputTrigger                   0x080029e3   Thumb Code    18  stm32f4xx_tim.o(.text)
    TIM_ITRxExternalClockConfig              0x080029f5   Thumb Code    24  stm32f4xx_tim.o(.text)
    TIM_TIxExternalClockConfig               0x08002a0d   Thumb Code    62  stm32f4xx_tim.o(.text)
    TIM_ETRConfig                            0x08002a4b   Thumb Code    28  stm32f4xx_tim.o(.text)
    TIM_ETRClockMode1Config                  0x08002a67   Thumb Code    54  stm32f4xx_tim.o(.text)
    TIM_ETRClockMode2Config                  0x08002a9d   Thumb Code    32  stm32f4xx_tim.o(.text)
    TIM_SelectOutputTrigger                  0x08002abd   Thumb Code    18  stm32f4xx_tim.o(.text)
    TIM_SelectSlaveMode                      0x08002acf   Thumb Code    18  stm32f4xx_tim.o(.text)
    TIM_SelectMasterSlaveMode                0x08002ae1   Thumb Code    18  stm32f4xx_tim.o(.text)
    TIM_EncoderInterfaceConfig               0x08002af3   Thumb Code    66  stm32f4xx_tim.o(.text)
    TIM_SelectHallSensor                     0x08002b35   Thumb Code    24  stm32f4xx_tim.o(.text)
    TIM_RemapConfig                          0x08002b4d   Thumb Code     6  stm32f4xx_tim.o(.text)
    NVIC_PriorityGroupConfig                 0x08002b55   Thumb Code    10  misc.o(.text)
    NVIC_Init                                0x08002b5f   Thumb Code   106  misc.o(.text)
    NVIC_SetVectorTable                      0x08002bc9   Thumb Code    14  misc.o(.text)
    NVIC_SystemLPConfig                      0x08002bd7   Thumb Code    34  misc.o(.text)
    SysTick_CLKSourceConfig                  0x08002bf9   Thumb Code    40  misc.o(.text)
    USART_DeInit                             0x08002c35   Thumb Code   206  stm32f4xx_usart.o(.text)
    USART_Init                               0x08002d03   Thumb Code   204  stm32f4xx_usart.o(.text)
    USART_StructInit                         0x08002dcf   Thumb Code    24  stm32f4xx_usart.o(.text)
    USART_ClockInit                          0x08002de7   Thumb Code    32  stm32f4xx_usart.o(.text)
    USART_ClockStructInit                    0x08002e07   Thumb Code    12  stm32f4xx_usart.o(.text)
    USART_Cmd                                0x08002e13   Thumb Code    24  stm32f4xx_usart.o(.text)
    USART_SetPrescaler                       0x08002e2b   Thumb Code    16  stm32f4xx_usart.o(.text)
    USART_OverSampling8Cmd                   0x08002e3b   Thumb Code    22  stm32f4xx_usart.o(.text)
    USART_OneBitMethodCmd                    0x08002e51   Thumb Code    24  stm32f4xx_usart.o(.text)
    USART_SendData                           0x08002e69   Thumb Code     8  stm32f4xx_usart.o(.text)
    USART_ReceiveData                        0x08002e71   Thumb Code    10  stm32f4xx_usart.o(.text)
    USART_SetAddress                         0x08002e7b   Thumb Code    18  stm32f4xx_usart.o(.text)
    USART_ReceiverWakeUpCmd                  0x08002e8d   Thumb Code    24  stm32f4xx_usart.o(.text)
    USART_WakeUpConfig                       0x08002ea5   Thumb Code    18  stm32f4xx_usart.o(.text)
    USART_LINBreakDetectLengthConfig         0x08002eb7   Thumb Code    18  stm32f4xx_usart.o(.text)
    USART_LINCmd                             0x08002ec9   Thumb Code    24  stm32f4xx_usart.o(.text)
    USART_SendBreak                          0x08002ee1   Thumb Code    10  stm32f4xx_usart.o(.text)
    USART_HalfDuplexCmd                      0x08002eeb   Thumb Code    24  stm32f4xx_usart.o(.text)
    USART_SetGuardTime                       0x08002f03   Thumb Code    16  stm32f4xx_usart.o(.text)
    USART_SmartCardCmd                       0x08002f13   Thumb Code    24  stm32f4xx_usart.o(.text)
    USART_SmartCardNACKCmd                   0x08002f2b   Thumb Code    24  stm32f4xx_usart.o(.text)
    USART_IrDAConfig                         0x08002f43   Thumb Code    18  stm32f4xx_usart.o(.text)
    USART_IrDACmd                            0x08002f55   Thumb Code    24  stm32f4xx_usart.o(.text)
    USART_DMACmd                             0x08002f6d   Thumb Code    18  stm32f4xx_usart.o(.text)
    USART_ITConfig                           0x08002f7f   Thumb Code    74  stm32f4xx_usart.o(.text)
    USART_GetFlagStatus                      0x08002fc9   Thumb Code    26  stm32f4xx_usart.o(.text)
    USART_ClearFlag                          0x08002fe3   Thumb Code    18  stm32f4xx_usart.o(.text)
    USART_GetITStatus                        0x08002ff5   Thumb Code   118  stm32f4xx_usart.o(.text)
    USART_ClearITPendingBit                  0x0800306b   Thumb Code    30  stm32f4xx_usart.o(.text)
    I2C_DeInit                               0x08003089   Thumb Code    82  stm32f4xx_i2c.o(.text)
    I2C_Init                                 0x080030db   Thumb Code   218  stm32f4xx_i2c.o(.text)
    I2C_StructInit                           0x080031b5   Thumb Code    30  stm32f4xx_i2c.o(.text)
    I2C_Cmd                                  0x080031d3   Thumb Code    24  stm32f4xx_i2c.o(.text)
    I2C_AnalogFilterCmd                      0x080031eb   Thumb Code    24  stm32f4xx_i2c.o(.text)
    I2C_DigitalFilterConfig                  0x08003203   Thumb Code    22  stm32f4xx_i2c.o(.text)
    I2C_GenerateSTART                        0x08003219   Thumb Code    24  stm32f4xx_i2c.o(.text)
    I2C_GenerateSTOP                         0x08003231   Thumb Code    24  stm32f4xx_i2c.o(.text)
    I2C_Send7bitAddress                      0x08003249   Thumb Code    16  stm32f4xx_i2c.o(.text)
    I2C_AcknowledgeConfig                    0x08003259   Thumb Code    24  stm32f4xx_i2c.o(.text)
    I2C_OwnAddress2Config                    0x08003271   Thumb Code    22  stm32f4xx_i2c.o(.text)
    I2C_DualAddressCmd                       0x08003287   Thumb Code    24  stm32f4xx_i2c.o(.text)
    I2C_GeneralCallCmd                       0x0800329f   Thumb Code    24  stm32f4xx_i2c.o(.text)
    I2C_SoftwareResetCmd                     0x080032b7   Thumb Code    22  stm32f4xx_i2c.o(.text)
    I2C_StretchClockCmd                      0x080032cd   Thumb Code    24  stm32f4xx_i2c.o(.text)
    I2C_FastModeDutyCycleConfig              0x080032e5   Thumb Code    28  stm32f4xx_i2c.o(.text)
    I2C_NACKPositionConfig                   0x08003301   Thumb Code    28  stm32f4xx_i2c.o(.text)
    I2C_SMBusAlertConfig                     0x0800331d   Thumb Code    28  stm32f4xx_i2c.o(.text)
    I2C_ARPCmd                               0x08003339   Thumb Code    24  stm32f4xx_i2c.o(.text)
    I2C_SendData                             0x08003351   Thumb Code     4  stm32f4xx_i2c.o(.text)
    I2C_ReceiveData                          0x08003355   Thumb Code     8  stm32f4xx_i2c.o(.text)
    I2C_TransmitPEC                          0x0800335d   Thumb Code    24  stm32f4xx_i2c.o(.text)
    I2C_PECPositionConfig                    0x08003375   Thumb Code    28  stm32f4xx_i2c.o(.text)
    I2C_CalculatePEC                         0x08003391   Thumb Code    24  stm32f4xx_i2c.o(.text)
    I2C_GetPEC                               0x080033a9   Thumb Code     8  stm32f4xx_i2c.o(.text)
    I2C_DMACmd                               0x080033b1   Thumb Code    24  stm32f4xx_i2c.o(.text)
    I2C_DMALastTransferCmd                   0x080033c9   Thumb Code    24  stm32f4xx_i2c.o(.text)
    I2C_ReadRegister                         0x080033e1   Thumb Code    22  stm32f4xx_i2c.o(.text)
    I2C_ITConfig                             0x080033f7   Thumb Code    18  stm32f4xx_i2c.o(.text)
    I2C_CheckEvent                           0x08003409   Thumb Code    42  stm32f4xx_i2c.o(.text)
    I2C_GetLastEvent                         0x08003433   Thumb Code    26  stm32f4xx_i2c.o(.text)
    I2C_GetFlagStatus                        0x0800344d   Thumb Code    84  stm32f4xx_i2c.o(.text)
    I2C_ClearFlag                            0x080034a1   Thumb Code    12  stm32f4xx_i2c.o(.text)
    I2C_GetITStatus                          0x080034ad   Thumb Code    38  stm32f4xx_i2c.o(.text)
    I2C_ClearITPendingBit                    0x080034d3   Thumb Code    12  stm32f4xx_i2c.o(.text)
    SPI_I2S_DeInit                           0x080034e1   Thumb Code   152  stm32f4xx_spi.o(.text)
    SPI_Init                                 0x08003579   Thumb Code    60  stm32f4xx_spi.o(.text)
    I2S_Init                                 0x080035b5   Thumb Code   396  stm32f4xx_spi.o(.text)
    SPI_StructInit                           0x08003741   Thumb Code    24  stm32f4xx_spi.o(.text)
    I2S_StructInit                           0x08003759   Thumb Code    20  stm32f4xx_spi.o(.text)
    SPI_Cmd                                  0x0800376d   Thumb Code    24  stm32f4xx_spi.o(.text)
    I2S_Cmd                                  0x08003785   Thumb Code    24  stm32f4xx_spi.o(.text)
    SPI_DataSizeConfig                       0x0800379d   Thumb Code    18  stm32f4xx_spi.o(.text)
    SPI_BiDirectionalLineConfig              0x080037af   Thumb Code    28  stm32f4xx_spi.o(.text)
    SPI_NSSInternalSoftwareConfig            0x080037cb   Thumb Code    30  stm32f4xx_spi.o(.text)
    SPI_SSOutputCmd                          0x080037e9   Thumb Code    24  stm32f4xx_spi.o(.text)
    SPI_TIModeCmd                            0x08003801   Thumb Code    24  stm32f4xx_spi.o(.text)
    I2S_FullDuplexConfig                     0x08003819   Thumb Code    80  stm32f4xx_spi.o(.text)
    SPI_I2S_ReceiveData                      0x08003869   Thumb Code     6  stm32f4xx_spi.o(.text)
    SPI_I2S_SendData                         0x0800386f   Thumb Code     4  stm32f4xx_spi.o(.text)
    SPI_CalculateCRC                         0x08003873   Thumb Code    24  stm32f4xx_spi.o(.text)
    SPI_TransmitCRC                          0x0800388b   Thumb Code    10  stm32f4xx_spi.o(.text)
    SPI_GetCRC                               0x08003895   Thumb Code    16  stm32f4xx_spi.o(.text)
    SPI_GetCRCPolynomial                     0x080038a5   Thumb Code     6  stm32f4xx_spi.o(.text)
    SPI_I2S_DMACmd                           0x080038ab   Thumb Code    18  stm32f4xx_spi.o(.text)
    SPI_I2S_ITConfig                         0x080038bd   Thumb Code    68  stm32f4xx_spi.o(.text)
    SPI_I2S_GetFlagStatus                    0x08003901   Thumb Code    18  stm32f4xx_spi.o(.text)
    SPI_I2S_ClearFlag                        0x08003913   Thumb Code     6  stm32f4xx_spi.o(.text)
    SPI_I2S_GetITStatus                      0x08003919   Thumb Code    52  stm32f4xx_spi.o(.text)
    SPI_I2S_ClearITPendingBit                0x0800394d   Thumb Code    20  stm32f4xx_spi.o(.text)
    SystemInit                               0x08003a3d   Thumb Code    88  system_stm32f4xx.o(.text)
    SystemCoreClockUpdate                    0x08003a95   Thumb Code   174  system_stm32f4xx.o(.text)
    Reset_Handler                            0x08003b71   Thumb Code     8  startup_stm32f407xx.o(.text)
    NMI_Handler                              0x08003b79   Thumb Code     2  startup_stm32f407xx.o(.text)
    HardFault_Handler                        0x08003b7b   Thumb Code     2  startup_stm32f407xx.o(.text)
    MemManage_Handler                        0x08003b7d   Thumb Code     2  startup_stm32f407xx.o(.text)
    BusFault_Handler                         0x08003b7f   Thumb Code     2  startup_stm32f407xx.o(.text)
    UsageFault_Handler                       0x08003b81   Thumb Code     2  startup_stm32f407xx.o(.text)
    SVC_Handler                              0x08003b83   Thumb Code     2  startup_stm32f407xx.o(.text)
    DebugMon_Handler                         0x08003b85   Thumb Code     2  startup_stm32f407xx.o(.text)
    PendSV_Handler                           0x08003b87   Thumb Code     2  startup_stm32f407xx.o(.text)
    ADC_IRQHandler                           0x08003b8b   Thumb Code     0  startup_stm32f407xx.o(.text)
    CAN1_RX0_IRQHandler                      0x08003b8b   Thumb Code     0  startup_stm32f407xx.o(.text)
    CAN1_RX1_IRQHandler                      0x08003b8b   Thumb Code     0  startup_stm32f407xx.o(.text)
    CAN1_SCE_IRQHandler                      0x08003b8b   Thumb Code     0  startup_stm32f407xx.o(.text)
    CAN1_TX_IRQHandler                       0x08003b8b   Thumb Code     0  startup_stm32f407xx.o(.text)
    CAN2_RX0_IRQHandler                      0x08003b8b   Thumb Code     0  startup_stm32f407xx.o(.text)
    CAN2_RX1_IRQHandler                      0x08003b8b   Thumb Code     0  startup_stm32f407xx.o(.text)
    CAN2_SCE_IRQHandler                      0x08003b8b   Thumb Code     0  startup_stm32f407xx.o(.text)
    CAN2_TX_IRQHandler                       0x08003b8b   Thumb Code     0  startup_stm32f407xx.o(.text)
    DCMI_IRQHandler                          0x08003b8b   Thumb Code     0  startup_stm32f407xx.o(.text)
    DMA1_Stream0_IRQHandler                  0x08003b8b   Thumb Code     0  startup_stm32f407xx.o(.text)
    DMA1_Stream1_IRQHandler                  0x08003b8b   Thumb Code     0  startup_stm32f407xx.o(.text)
    DMA1_Stream2_IRQHandler                  0x08003b8b   Thumb Code     0  startup_stm32f407xx.o(.text)
    DMA1_Stream3_IRQHandler                  0x08003b8b   Thumb Code     0  startup_stm32f407xx.o(.text)
    DMA1_Stream4_IRQHandler                  0x08003b8b   Thumb Code     0  startup_stm32f407xx.o(.text)
    DMA1_Stream5_IRQHandler                  0x08003b8b   Thumb Code     0  startup_stm32f407xx.o(.text)
    DMA1_Stream6_IRQHandler                  0x08003b8b   Thumb Code     0  startup_stm32f407xx.o(.text)
    DMA1_Stream7_IRQHandler                  0x08003b8b   Thumb Code     0  startup_stm32f407xx.o(.text)
    DMA2_Stream0_IRQHandler                  0x08003b8b   Thumb Code     0  startup_stm32f407xx.o(.text)
    DMA2_Stream1_IRQHandler                  0x08003b8b   Thumb Code     0  startup_stm32f407xx.o(.text)
    DMA2_Stream2_IRQHandler                  0x08003b8b   Thumb Code     0  startup_stm32f407xx.o(.text)
    DMA2_Stream3_IRQHandler                  0x08003b8b   Thumb Code     0  startup_stm32f407xx.o(.text)
    DMA2_Stream4_IRQHandler                  0x08003b8b   Thumb Code     0  startup_stm32f407xx.o(.text)
    DMA2_Stream5_IRQHandler                  0x08003b8b   Thumb Code     0  startup_stm32f407xx.o(.text)
    DMA2_Stream6_IRQHandler                  0x08003b8b   Thumb Code     0  startup_stm32f407xx.o(.text)
    DMA2_Stream7_IRQHandler                  0x08003b8b   Thumb Code     0  startup_stm32f407xx.o(.text)
    ETH_IRQHandler                           0x08003b8b   Thumb Code     0  startup_stm32f407xx.o(.text)
    ETH_WKUP_IRQHandler                      0x08003b8b   Thumb Code     0  startup_stm32f407xx.o(.text)
    EXTI0_IRQHandler                         0x08003b8b   Thumb Code     0  startup_stm32f407xx.o(.text)
    EXTI15_10_IRQHandler                     0x08003b8b   Thumb Code     0  startup_stm32f407xx.o(.text)
    EXTI1_IRQHandler                         0x08003b8b   Thumb Code     0  startup_stm32f407xx.o(.text)
    EXTI2_IRQHandler                         0x08003b8b   Thumb Code     0  startup_stm32f407xx.o(.text)
    EXTI3_IRQHandler                         0x08003b8b   Thumb Code     0  startup_stm32f407xx.o(.text)
    EXTI4_IRQHandler                         0x08003b8b   Thumb Code     0  startup_stm32f407xx.o(.text)
    EXTI9_5_IRQHandler                       0x08003b8b   Thumb Code     0  startup_stm32f407xx.o(.text)
    FLASH_IRQHandler                         0x08003b8b   Thumb Code     0  startup_stm32f407xx.o(.text)
    FMC_IRQHandler                           0x08003b8b   Thumb Code     0  startup_stm32f407xx.o(.text)
    FPU_IRQHandler                           0x08003b8b   Thumb Code     0  startup_stm32f407xx.o(.text)
    HASH_RNG_IRQHandler                      0x08003b8b   Thumb Code     0  startup_stm32f407xx.o(.text)
    I2C1_ER_IRQHandler                       0x08003b8b   Thumb Code     0  startup_stm32f407xx.o(.text)
    I2C1_EV_IRQHandler                       0x08003b8b   Thumb Code     0  startup_stm32f407xx.o(.text)
    I2C2_ER_IRQHandler                       0x08003b8b   Thumb Code     0  startup_stm32f407xx.o(.text)
    I2C2_EV_IRQHandler                       0x08003b8b   Thumb Code     0  startup_stm32f407xx.o(.text)
    I2C3_ER_IRQHandler                       0x08003b8b   Thumb Code     0  startup_stm32f407xx.o(.text)
    I2C3_EV_IRQHandler                       0x08003b8b   Thumb Code     0  startup_stm32f407xx.o(.text)
    OTG_FS_IRQHandler                        0x08003b8b   Thumb Code     0  startup_stm32f407xx.o(.text)
    OTG_FS_WKUP_IRQHandler                   0x08003b8b   Thumb Code     0  startup_stm32f407xx.o(.text)
    OTG_HS_EP1_IN_IRQHandler                 0x08003b8b   Thumb Code     0  startup_stm32f407xx.o(.text)
    OTG_HS_EP1_OUT_IRQHandler                0x08003b8b   Thumb Code     0  startup_stm32f407xx.o(.text)
    OTG_HS_IRQHandler                        0x08003b8b   Thumb Code     0  startup_stm32f407xx.o(.text)
    OTG_HS_WKUP_IRQHandler                   0x08003b8b   Thumb Code     0  startup_stm32f407xx.o(.text)
    PVD_IRQHandler                           0x08003b8b   Thumb Code     0  startup_stm32f407xx.o(.text)
    RCC_IRQHandler                           0x08003b8b   Thumb Code     0  startup_stm32f407xx.o(.text)
    RTC_Alarm_IRQHandler                     0x08003b8b   Thumb Code     0  startup_stm32f407xx.o(.text)
    RTC_WKUP_IRQHandler                      0x08003b8b   Thumb Code     0  startup_stm32f407xx.o(.text)
    SDIO_IRQHandler                          0x08003b8b   Thumb Code     0  startup_stm32f407xx.o(.text)
    SPI1_IRQHandler                          0x08003b8b   Thumb Code     0  startup_stm32f407xx.o(.text)
    SPI2_IRQHandler                          0x08003b8b   Thumb Code     0  startup_stm32f407xx.o(.text)
    SPI3_IRQHandler                          0x08003b8b   Thumb Code     0  startup_stm32f407xx.o(.text)
    TAMP_STAMP_IRQHandler                    0x08003b8b   Thumb Code     0  startup_stm32f407xx.o(.text)
    TIM1_BRK_TIM9_IRQHandler                 0x08003b8b   Thumb Code     0  startup_stm32f407xx.o(.text)
    TIM1_CC_IRQHandler                       0x08003b8b   Thumb Code     0  startup_stm32f407xx.o(.text)
    TIM1_TRG_COM_TIM11_IRQHandler            0x08003b8b   Thumb Code     0  startup_stm32f407xx.o(.text)
    TIM1_UP_TIM10_IRQHandler                 0x08003b8b   Thumb Code     0  startup_stm32f407xx.o(.text)
    TIM2_IRQHandler                          0x08003b8b   Thumb Code     0  startup_stm32f407xx.o(.text)
    TIM3_IRQHandler                          0x08003b8b   Thumb Code     0  startup_stm32f407xx.o(.text)
    TIM5_IRQHandler                          0x08003b8b   Thumb Code     0  startup_stm32f407xx.o(.text)
    TIM6_DAC_IRQHandler                      0x08003b8b   Thumb Code     0  startup_stm32f407xx.o(.text)
    TIM7_IRQHandler                          0x08003b8b   Thumb Code     0  startup_stm32f407xx.o(.text)
    TIM8_BRK_TIM12_IRQHandler                0x08003b8b   Thumb Code     0  startup_stm32f407xx.o(.text)
    TIM8_CC_IRQHandler                       0x08003b8b   Thumb Code     0  startup_stm32f407xx.o(.text)
    TIM8_TRG_COM_TIM14_IRQHandler            0x08003b8b   Thumb Code     0  startup_stm32f407xx.o(.text)
    TIM8_UP_TIM13_IRQHandler                 0x08003b8b   Thumb Code     0  startup_stm32f407xx.o(.text)
    UART4_IRQHandler                         0x08003b8b   Thumb Code     0  startup_stm32f407xx.o(.text)
    UART5_IRQHandler                         0x08003b8b   Thumb Code     0  startup_stm32f407xx.o(.text)
    USART3_IRQHandler                        0x08003b8b   Thumb Code     0  startup_stm32f407xx.o(.text)
    USART6_IRQHandler                        0x08003b8b   Thumb Code     0  startup_stm32f407xx.o(.text)
    WWDG_IRQHandler                          0x08003b8b   Thumb Code     0  startup_stm32f407xx.o(.text)
    __user_initial_stackheap                 0x08003b8d   Thumb Code     0  startup_stm32f407xx.o(.text)
    __2sprintf                               0x08003bb1   Thumb Code    38  __2sprintf.o(.text)
    _printf_int_dec                          0x08003bdd   Thumb Code   104  _printf_dec.o(.text)
    __printf                                 0x08003c55   Thumb Code   308  __printf_flags_wp.o(.text)
    strstr                                   0x08003d8d   Thumb Code    36  strstr.o(.text)
    strcpy                                   0x08003db1   Thumb Code    72  strcpy.o(.text)
    __aeabi_memclr4                          0x08003df9   Thumb Code     0  rt_memclr_w.o(.text)
    __aeabi_memclr8                          0x08003df9   Thumb Code     0  rt_memclr_w.o(.text)
    __rt_memclr_w                            0x08003df9   Thumb Code    78  rt_memclr_w.o(.text)
    _memset_w                                0x08003dfd   Thumb Code     0  rt_memclr_w.o(.text)
    strcmp                                   0x08003e49   Thumb Code   128  strcmpv7m.o(.text)
    __use_two_region_memory                  0x08003ec9   Thumb Code     2  heapauxi.o(.text)
    __rt_heap_escrow                         0x08003ecb   Thumb Code     2  heapauxi.o(.text)
    __rt_heap_expand                         0x08003ecd   Thumb Code     2  heapauxi.o(.text)
    __cpp_initialize__aeabi_                 0x08003ed1   Thumb Code    26  init_aeabi.o(.text)
    _printf_int_common                       0x08003ef5   Thumb Code   178  _printf_intcommon.o(.text)
    __lib_sel_fp_printf                      0x08003fa7   Thumb Code     2  _printf_fp_dec.o(.text)
    _printf_fp_dec_real                      0x08004159   Thumb Code   620  _printf_fp_dec.o(.text)
    _printf_char_common                      0x080043cf   Thumb Code    32  _printf_char_common.o(.text)
    _sputc                                   0x080043f5   Thumb Code    10  _sputc.o(.text)
    __rt_locale                              0x08004401   Thumb Code     8  rt_locale_intlibspace.o(.text)
    __rt_new_handler_addr                    0x08004409   Thumb Code     8  rt_new_handler_addr_intlibspace.o(.text)
    malloc                                   0x08004411   Thumb Code    94  h1_alloc.o(.text)
    free                                     0x0800446f   Thumb Code    78  h1_free.o(.text)
    _ll_udiv10                               0x080044bd   Thumb Code   138  lludiv10.o(.text)
    _printf_fp_infnan                        0x08004549   Thumb Code   112  _printf_fp_infnan.o(.text)
    _btod_etento                             0x080045c9   Thumb Code   224  bigflt0.o(.text)
    __default_new_handler()                  0x080046ad   Thumb Code     4  arm_newhandler_noexceptions.o(.text)
    __user_libspace                          0x080046b1   Thumb Code     8  libspace.o(.text)
    __user_perproc_libspace                  0x080046b1   Thumb Code     0  libspace.o(.text)
    __user_perthread_libspace                0x080046b1   Thumb Code     0  libspace.o(.text)
    __user_setup_stackheap                   0x080046b9   Thumb Code    74  sys_stackheap_outer.o(.text)
    __rt_heap_descriptor                     0x08004705   Thumb Code     8  rt_heap_descriptor_intlibspace.o(.text)
    __use_no_heap                            0x0800470d   Thumb Code     2  hguard.o(.text)
    __heap$guard                             0x0800470f   Thumb Code     2  hguard.o(.text)
    _terminate_user_alloc                    0x08004711   Thumb Code     2  init_alloc.o(.text)
    _init_user_alloc                         0x08004713   Thumb Code     2  init_alloc.o(.text)
    __Heap_Full                              0x08004715   Thumb Code    34  init_alloc.o(.text)
    __Heap_Broken                            0x08004737   Thumb Code     6  init_alloc.o(.text)
    _init_alloc                              0x0800473d   Thumb Code    94  init_alloc.o(.text)
    __Heap_Initialize                        0x0800479b   Thumb Code    10  h1_init.o(.text)
    __Heap_DescSize                          0x080047a5   Thumb Code     4  h1_init.o(.text)
    exit                                     0x080047a9   Thumb Code    18  exit.o(.text)
    std::terminate()                         0x080047bb   Thumb Code    26  arm_exceptions_terminate.o(.text)
    __Heap_ProvideMemory                     0x080047d5   Thumb Code    52  h1_extend.o(.text)
    abort                                    0x08004809   Thumb Code    22  abort.o(.text)
    __rt_SIGRTMEM                            0x0800481f   Thumb Code    14  defsig_rtmem_outer.o(.text)
    __cxa_get_globals                        0x08004833   Thumb Code    62  arm_exceptions_globs.o(.text)
    _sys_exit                                0x0800487d   Thumb Code     8  sys_exit.o(.text)
    __I$use$semihosting                      0x08004889   Thumb Code     0  use_no_semi.o(.text)
    __use_no_semihosting_swi                 0x08004889   Thumb Code     2  use_no_semi.o(.text)
    __semihosting_library_function           0x0800488b   Thumb Code     0  indicate_semi.o(.text)
    __rt_eh_globals_addr                     0x0800488d   Thumb Code     8  rt_eh_globals_addr_intlibspace.o(.text)
    __sig_exit                               0x08004895   Thumb Code    10  defsig_exit.o(.text)
    __rt_SIGABRT                             0x0800489f   Thumb Code    14  defsig_abrt_outer.o(.text)
    __rt_SIGRTMEM_inner                      0x080048ad   Thumb Code    22  defsig_rtmem_inner.o(.text)
    __ARM_exceptions_buffer_init             0x080048fd   Thumb Code    18  arm_exceptions_mem.o(.text)
    __ARM_exceptions_buffer_allocate         0x0800490f   Thumb Code    22  arm_exceptions_mem.o(.text)
    __ARM_exceptions_buffer_free             0x08004925   Thumb Code    20  arm_exceptions_mem.o(.text)
    __default_signal_display                 0x08004939   Thumb Code    50  defsig_general.o(.text)
    __rt_SIGABRT_inner                       0x0800496d   Thumb Code    14  defsig_abrt_inner.o(.text)
    _ttywrch                                 0x0800499d   Thumb Code    14  sys_wrch.o(.text)
    _btod_d2e                                0x080049ab   Thumb Code    62  btod.o(CL$$btod_d2e)
    _d2e_denorm_low                          0x080049e9   Thumb Code    70  btod.o(CL$$btod_d2e_denorm_low)
    _d2e_norm_op1                            0x08004a2f   Thumb Code    96  btod.o(CL$$btod_d2e_norm_op1)
    __btod_div_common                        0x08004a8f   Thumb Code   696  btod.o(CL$$btod_div_common)
    _e2e                                     0x08004dc7   Thumb Code   220  btod.o(CL$$btod_e2e)
    _btod_ediv                               0x08004ea3   Thumb Code    42  btod.o(CL$$btod_ediv)
    _btod_emul                               0x08004ecd   Thumb Code    42  btod.o(CL$$btod_emul)
    __btod_mult_common                       0x08004ef7   Thumb Code   580  btod.o(CL$$btod_mult_common)
    std::strstr(char*, const char*)          0x0800513b   Thumb Code    16  at_command.o(i._ZSt6strstrPcPKc)
    operator delete[] (void*)                0x0800514b   Thumb Code     8  array_del.o(i._ZdaPv)
    operator delete (void*)                  0x08005153   Thumb Code     8  delete.o(i._ZdlPv)
    operator new[] (unsigned)                0x0800515b   Thumb Code     8  array_new.o(i._Znaj)
    operator new(unsigned)                   0x08005165   Thumb Code    34  new.o(i._Znwj)
    __ARM_fpclassify                         0x0800518d   Thumb Code    48  fpclassify.o(i.__ARM_fpclassify)
    _is_digit                                0x080051bd   Thumb Code    14  __printf_wp.o(i._is_digit)
    _get_lc_numeric                          0x080051cd   Thumb Code    44  lc_numeric_c.o(locale$$code)
    __fpl_dretinf                            0x080051f9   Thumb Code    12  dretinf.o(x$fpl$dretinf)
    __aeabi_f2d                              0x08005205   Thumb Code     0  f2d.o(x$fpl$f2d)
    _f2d                                     0x08005205   Thumb Code    86  f2d.o(x$fpl$f2d)
    __fpl_fnaninf                            0x0800525b   Thumb Code   140  fnaninf.o(x$fpl$fnaninf)
    _fp_init                                 0x080052e7   Thumb Code    10  fpinit.o(x$fpl$fpinit)
    __fplib_config_fpu_vfp                   0x080052ef   Thumb Code     0  fpinit.o(x$fpl$fpinit)
    __fplib_config_pureend_doubles           0x080052ef   Thumb Code     0  fpinit.o(x$fpl$fpinit)
    _printf_fp_dec                           0x080052f1   Thumb Code     4  printf1.o(x$fpl$printf1)
    __I$use$fp                               0x080052f4   Number         0  usenofp.o(x$fpl$usenofp)
    Region$$Table$$Base                      0x0800539c   Number         0  anon$$obj.o(Region$$Table)
    Region$$Table$$Limit                     0x080053bc   Number         0  anon$$obj.o(Region$$Table)
    SHT$$INIT_ARRAY$$Base                    0x080053d8   Number         0  main.o(.init_array)
    SHT$$INIT_ARRAY$$Limit                   0x080053dc   Number         0  init_aeabi.o(.init_array)
    time                                     0x20000000   Data           4  main.o(.data)
    s                                        0x20000004   Data           4  main.o(.data)
    s1                                       0x20000008   Data           4  main.o(.data)
    pos                                      0x2000000c   Data           1  main.o(.data)
    pos1                                     0x2000000d   Data           1  main.o(.data)
    mode                                     0x2000000e   Data           1  main.o(.data)
    _read                                    0x2000000f   Data           1  main.o(.data)
    number                                   0x20000010   Data           2  main.o(.data)
    quantity                                 0x20000012   Data           1  main.o(.data)
    SystemCoreClock                          0x20000024   Data           4  system_stm32f4xx.o(.data)
    AHBPrescTable                            0x20000028   Data          16  system_stm32f4xx.o(.data)
    __libspace_start                         0x20000038   Data          96  libspace.o(.bss)
    __temporary_stack_top$libspace           0x20000098   Data           0  libspace.o(.bss)



==============================================================================

Memory Map of the image

  Image Entry point : 0x08000189

  Load Region LR_IROM1 (Base: 0x08000000, Size: 0x00005414, Max: 0x00100000, ABSOLUTE)

    Execution Region ER_IROM1 (Exec base: 0x08000000, Load base: 0x08000000, Size: 0x000053dc, Max: 0x00100000, ABSOLUTE)

    Exec Addr    Load Addr    Size         Type   Attr      Idx    E Section Name        Object

    0x08000000   0x08000000   0x00000188   Data   RO          649    RESET               startup_stm32f407xx.o
    0x08000188   0x08000188   0x00000008   Code   RO          697  * !!!main             c_w.l(__main.o)
    0x08000190   0x08000190   0x00000034   Code   RO         1241    !!!scatter          c_w.l(__scatter.o)
    0x080001c4   0x080001c4   0x0000001a   Code   RO         1243    !!handler_copy      c_w.l(__scatter_copy.o)
    0x080001de   0x080001de   0x00000002   PAD
    0x080001e0   0x080001e0   0x0000001c   Code   RO         1245    !!handler_zi        c_w.l(__scatter_zi.o)
    0x080001fc   0x080001fc   0x00000000   Code   RO          686    .ARM.Collect$$_printf_percent$$00000000  c_w.l(_printf_percent.o)
    0x080001fc   0x080001fc   0x00000006   Code   RO          685    .ARM.Collect$$_printf_percent$$00000003  c_w.l(_printf_f.o)
    0x08000202   0x08000202   0x00000006   Code   RO          684    .ARM.Collect$$_printf_percent$$00000009  c_w.l(_printf_d.o)
    0x08000208   0x08000208   0x00000004   Code   RO          725    .ARM.Collect$$_printf_percent$$00000017  c_w.l(_printf_percent_end.o)
    0x0800020c   0x0800020c   0x00000002   Code   RO         1100    .ARM.Collect$$libinit$$00000000  c_w.l(libinit.o)
    0x0800020e   0x0800020e   0x00000004   Code   RO          726    .ARM.Collect$$libinit$$00000001  c_w.l(libinit2.o)
    0x08000212   0x08000212   0x00000000   Code   RO          729    .ARM.Collect$$libinit$$00000004  c_w.l(libinit2.o)
    0x08000212   0x08000212   0x00000008   Code   RO          730    .ARM.Collect$$libinit$$00000005  c_w.l(libinit2.o)
    0x0800021a   0x0800021a   0x00000000   Code   RO          732    .ARM.Collect$$libinit$$0000000A  c_w.l(libinit2.o)
    0x0800021a   0x0800021a   0x00000000   Code   RO          734    .ARM.Collect$$libinit$$0000000C  c_w.l(libinit2.o)
    0x0800021a   0x0800021a   0x00000000   Code   RO          736    .ARM.Collect$$libinit$$0000000E  c_w.l(libinit2.o)
    0x0800021a   0x0800021a   0x00000006   Code   RO          737    .ARM.Collect$$libinit$$0000000F  c_w.l(libinit2.o)
    0x08000220   0x08000220   0x00000000   Code   RO          739    .ARM.Collect$$libinit$$00000011  c_w.l(libinit2.o)
    0x08000220   0x08000220   0x00000000   Code   RO          741    .ARM.Collect$$libinit$$00000013  c_w.l(libinit2.o)
    0x08000220   0x08000220   0x00000000   Code   RO          743    .ARM.Collect$$libinit$$00000015  c_w.l(libinit2.o)
    0x08000220   0x08000220   0x0000000a   Code   RO          744    .ARM.Collect$$libinit$$00000016  c_w.l(libinit2.o)
    0x0800022a   0x0800022a   0x00000000   Code   RO          745    .ARM.Collect$$libinit$$00000017  c_w.l(libinit2.o)
    0x0800022a   0x0800022a   0x00000000   Code   RO          747    .ARM.Collect$$libinit$$00000019  c_w.l(libinit2.o)
    0x0800022a   0x0800022a   0x00000000   Code   RO          749    .ARM.Collect$$libinit$$0000001B  c_w.l(libinit2.o)
    0x0800022a   0x0800022a   0x00000000   Code   RO          751    .ARM.Collect$$libinit$$0000001D  c_w.l(libinit2.o)
    0x0800022a   0x0800022a   0x00000000   Code   RO          753    .ARM.Collect$$libinit$$0000001F  c_w.l(libinit2.o)
    0x0800022a   0x0800022a   0x00000000   Code   RO          755    .ARM.Collect$$libinit$$00000021  c_w.l(libinit2.o)
    0x0800022a   0x0800022a   0x00000000   Code   RO          757    .ARM.Collect$$libinit$$00000023  c_w.l(libinit2.o)
    0x0800022a   0x0800022a   0x00000000   Code   RO          759    .ARM.Collect$$libinit$$00000025  c_w.l(libinit2.o)
    0x0800022a   0x0800022a   0x00000000   Code   RO          763    .ARM.Collect$$libinit$$0000002C  c_w.l(libinit2.o)
    0x0800022a   0x0800022a   0x00000000   Code   RO          765    .ARM.Collect$$libinit$$0000002E  c_w.l(libinit2.o)
    0x0800022a   0x0800022a   0x00000000   Code   RO          767    .ARM.Collect$$libinit$$00000030  c_w.l(libinit2.o)
    0x0800022a   0x0800022a   0x00000004   Code   RO          768    .ARM.Collect$$libinit$$00000031  c_w.l(libinit2.o)
    0x0800022e   0x0800022e   0x00000000   Code   RO          769    .ARM.Collect$$libinit$$00000032  c_w.l(libinit2.o)
    0x0800022e   0x0800022e   0x00000002   Code   RO          770    .ARM.Collect$$libinit$$00000033  c_w.l(libinit2.o)
    0x08000230   0x08000230   0x00000002   Code   RO         1204    .ARM.Collect$$libshutdown$$00000000  c_w.l(libshutdown.o)
    0x08000232   0x08000232   0x00000000   Code   RO         1206    .ARM.Collect$$libshutdown$$00000002  c_w.l(libshutdown2.o)
    0x08000232   0x08000232   0x00000000   Code   RO         1208    .ARM.Collect$$libshutdown$$00000004  c_w.l(libshutdown2.o)
    0x08000232   0x08000232   0x00000000   Code   RO         1211    .ARM.Collect$$libshutdown$$00000007  c_w.l(libshutdown2.o)
    0x08000232   0x08000232   0x00000000   Code   RO         1214    .ARM.Collect$$libshutdown$$0000000A  c_w.l(libshutdown2.o)
    0x08000232   0x08000232   0x00000000   Code   RO         1216    .ARM.Collect$$libshutdown$$0000000C  c_w.l(libshutdown2.o)
    0x08000232   0x08000232   0x00000000   Code   RO         1219    .ARM.Collect$$libshutdown$$0000000F  c_w.l(libshutdown2.o)
    0x08000232   0x08000232   0x00000002   Code   RO         1220    .ARM.Collect$$libshutdown$$00000010  c_w.l(libshutdown2.o)
    0x08000234   0x08000234   0x00000000   Code   RO          716    .ARM.Collect$$rtentry$$00000000  c_w.l(__rtentry.o)
    0x08000234   0x08000234   0x00000000   Code   RO          800    .ARM.Collect$$rtentry$$00000002  c_w.l(__rtentry2.o)
    0x08000234   0x08000234   0x00000006   Code   RO          812    .ARM.Collect$$rtentry$$00000004  c_w.l(__rtentry4.o)
    0x0800023a   0x0800023a   0x00000000   Code   RO          802    .ARM.Collect$$rtentry$$00000009  c_w.l(__rtentry2.o)
    0x0800023a   0x0800023a   0x00000004   Code   RO          803    .ARM.Collect$$rtentry$$0000000A  c_w.l(__rtentry2.o)
    0x0800023e   0x0800023e   0x00000000   Code   RO          805    .ARM.Collect$$rtentry$$0000000C  c_w.l(__rtentry2.o)
    0x0800023e   0x0800023e   0x00000008   Code   RO          806    .ARM.Collect$$rtentry$$0000000D  c_w.l(__rtentry2.o)
    0x08000246   0x08000246   0x00000002   Code   RO         1129    .ARM.Collect$$rtexit$$00000000  c_w.l(rtexit.o)
    0x08000248   0x08000248   0x00000000   Code   RO         1166    .ARM.Collect$$rtexit$$00000002  c_w.l(rtexit2.o)
    0x08000248   0x08000248   0x00000004   Code   RO         1167    .ARM.Collect$$rtexit$$00000003  c_w.l(rtexit2.o)
    0x0800024c   0x0800024c   0x00000006   Code   RO         1168    .ARM.Collect$$rtexit$$00000004  c_w.l(rtexit2.o)
    0x08000252   0x08000252   0x00000002   PAD
    0x08000254   0x08000254   0x00000000   Code   RO         1133    .emb_text           c_w.l(maybetermalloc1.o)
    0x08000254   0x08000254   0x000009a8   Code   RO            4    .text               main.o
    0x08000bfc   0x08000bfc   0x000000e8   Code   RO          169    .text               u_print.o
    0x08000ce4   0x08000ce4   0x00000144   Code   RO          201    .text               at_command.o
    0x08000e28   0x08000e28   0x000002d0   Code   RO          236    .text               ds1307.o
    0x080010f8   0x080010f8   0x00000280   Code   RO          263    .text               function.o
    0x08001378   0x08001378   0x00000248   Code   RO          298    .text               25lc256.o
    0x080015c0   0x080015c0   0x00000294   Code   RO          323    .text               stm32f4xx_gpio.o
    0x08001854   0x08001854   0x0000065c   Code   RO          452    .text               stm32f4xx_rcc.o
    0x08001eb0   0x08001eb0   0x00000ca2   Code   RO          478    .text               stm32f4xx_tim.o
    0x08002b52   0x08002b52   0x00000002   PAD
    0x08002b54   0x08002b54   0x000000e0   Code   RO          502    .text               misc.o
    0x08002c34   0x08002c34   0x00000454   Code   RO          526    .text               stm32f4xx_usart.o
    0x08003088   0x08003088   0x00000456   Code   RO          550    .text               stm32f4xx_i2c.o
    0x080034de   0x080034de   0x00000002   PAD
    0x080034e0   0x080034e0   0x00000480   Code   RO          574    .text               stm32f4xx_spi.o
    0x08003960   0x08003960   0x00000210   Code   RO          598    .text               system_stm32f4xx.o
    0x08003b70   0x08003b70   0x00000040   Code   RO          650    .text               startup_stm32f407xx.o
    0x08003bb0   0x08003bb0   0x0000002c   Code   RO          656    .text               c_w.l(__2sprintf.o)
    0x08003bdc   0x08003bdc   0x00000078   Code   RO          662    .text               c_w.l(_printf_dec.o)
    0x08003c54   0x08003c54   0x00000138   Code   RO          676    .text               c_w.l(__printf_flags_wp.o)
    0x08003d8c   0x08003d8c   0x00000024   Code   RO          687    .text               c_w.l(strstr.o)
    0x08003db0   0x08003db0   0x00000048   Code   RO          689    .text               c_w.l(strcpy.o)
    0x08003df8   0x08003df8   0x0000004e   Code   RO          691    .text               c_w.l(rt_memclr_w.o)
    0x08003e46   0x08003e46   0x00000002   PAD
    0x08003e48   0x08003e48   0x00000080   Code   RO          693    .text               c_w.l(strcmpv7m.o)
    0x08003ec8   0x08003ec8   0x00000006   Code   RO          695    .text               c_w.l(heapauxi.o)
    0x08003ece   0x08003ece   0x00000002   PAD
    0x08003ed0   0x08003ed0   0x00000024   Code   RO          702    .text               c_w.l(init_aeabi.o)
    0x08003ef4   0x08003ef4   0x000000b2   Code   RO          717    .text               c_w.l(_printf_intcommon.o)
    0x08003fa6   0x08003fa6   0x0000041e   Code   RO          719    .text               c_w.l(_printf_fp_dec.o)
    0x080043c4   0x080043c4   0x00000030   Code   RO          721    .text               c_w.l(_printf_char_common.o)
    0x080043f4   0x080043f4   0x0000000a   Code   RO          723    .text               c_w.l(_sputc.o)
    0x080043fe   0x080043fe   0x00000002   PAD
    0x08004400   0x08004400   0x00000008   Code   RO          817    .text               c_w.l(rt_locale_intlibspace.o)
    0x08004408   0x08004408   0x00000008   Code   RO          822    .text               c_w.l(rt_new_handler_addr_intlibspace.o)
    0x08004410   0x08004410   0x0000005e   Code   RO          828    .text               c_w.l(h1_alloc.o)
    0x0800446e   0x0800446e   0x0000004e   Code   RO          830    .text               c_w.l(h1_free.o)
    0x080044bc   0x080044bc   0x0000008a   Code   RO          886    .text               c_w.l(lludiv10.o)
    0x08004546   0x08004546   0x00000002   PAD
    0x08004548   0x08004548   0x00000080   Code   RO          888    .text               c_w.l(_printf_fp_infnan.o)
    0x080045c8   0x080045c8   0x000000e4   Code   RO          892    .text               c_w.l(bigflt0.o)
    0x080046ac   0x080046ac   0x00000004   Code   RO          922    .text               cpprt_w.l(arm_newhandler_noexceptions.o)
    0x080046b0   0x080046b0   0x00000008   Code   RO         1053    .text               c_w.l(libspace.o)
    0x080046b8   0x080046b8   0x0000004a   Code   RO         1058    .text               c_w.l(sys_stackheap_outer.o)
    0x08004702   0x08004702   0x00000002   PAD
    0x08004704   0x08004704   0x00000008   Code   RO         1063    .text               c_w.l(rt_heap_descriptor_intlibspace.o)
    0x0800470c   0x0800470c   0x00000004   Code   RO         1065    .text               c_w.l(hguard.o)
    0x08004710   0x08004710   0x0000008a   Code   RO         1067    .text               c_w.l(init_alloc.o)
    0x0800479a   0x0800479a   0x0000000e   Code   RO         1071    .text               c_w.l(h1_init.o)
    0x080047a8   0x080047a8   0x00000012   Code   RO         1085    .text               c_w.l(exit.o)
    0x080047ba   0x080047ba   0x0000001a   Code   RO         1117    .text               cpprt_w.l(arm_exceptions_terminate.o)
    0x080047d4   0x080047d4   0x00000034   Code   RO         1135    .text               c_w.l(h1_extend.o)
    0x08004808   0x08004808   0x00000016   Code   RO         1139    .text               c_w.l(abort.o)
    0x0800481e   0x0800481e   0x0000000e   Code   RO         1143    .text               c_w.l(defsig_rtmem_outer.o)
    0x0800482c   0x0800482c   0x00000050   Code   RO         1157    .text               cpprt_w.l(arm_exceptions_globs.o)
    0x0800487c   0x0800487c   0x0000000c   Code   RO         1160    .text               c_w.l(sys_exit.o)
    0x08004888   0x08004888   0x00000002   Code   RO         1162    .text               c_w.l(use_no_semi.o)
    0x0800488a   0x0800488a   0x00000000   Code   RO         1164    .text               c_w.l(indicate_semi.o)
    0x0800488a   0x0800488a   0x00000002   PAD
    0x0800488c   0x0800488c   0x00000008   Code   RO         1177    .text               c_w.l(rt_eh_globals_addr_intlibspace.o)
    0x08004894   0x08004894   0x0000000a   Code   RO         1181    .text               c_w.l(defsig_exit.o)
    0x0800489e   0x0800489e   0x0000000e   Code   RO         1183    .text               c_w.l(defsig_abrt_outer.o)
    0x080048ac   0x080048ac   0x00000050   Code   RO         1187    .text               c_w.l(defsig_rtmem_inner.o)
    0x080048fc   0x080048fc   0x0000003c   Code   RO         1189    .text               cpprt_w.l(arm_exceptions_mem.o)
    0x08004938   0x08004938   0x00000032   Code   RO         1198    .text               c_w.l(defsig_general.o)
    0x0800496a   0x0800496a   0x00000002   PAD
    0x0800496c   0x0800496c   0x00000030   Code   RO         1200    .text               c_w.l(defsig_abrt_inner.o)
    0x0800499c   0x0800499c   0x0000000e   Code   RO         1221    .text               c_w.l(sys_wrch.o)
    0x080049aa   0x080049aa   0x0000003e   Code   RO          895    CL$$btod_d2e        c_w.l(btod.o)
    0x080049e8   0x080049e8   0x00000046   Code   RO          897    CL$$btod_d2e_denorm_low  c_w.l(btod.o)
    0x08004a2e   0x08004a2e   0x00000060   Code   RO          896    CL$$btod_d2e_norm_op1  c_w.l(btod.o)
    0x08004a8e   0x08004a8e   0x00000338   Code   RO          905    CL$$btod_div_common  c_w.l(btod.o)
    0x08004dc6   0x08004dc6   0x000000dc   Code   RO          902    CL$$btod_e2e        c_w.l(btod.o)
    0x08004ea2   0x08004ea2   0x0000002a   Code   RO          899    CL$$btod_ediv       c_w.l(btod.o)
    0x08004ecc   0x08004ecc   0x0000002a   Code   RO          898    CL$$btod_emul       c_w.l(btod.o)
    0x08004ef6   0x08004ef6   0x00000244   Code   RO          904    CL$$btod_mult_common  c_w.l(btod.o)
    0x0800513a   0x0800513a   0x00000010   Code   RO          211    i._ZSt6strstrPcPKc  at_command.o
    0x0800514a   0x0800514a   0x00000008   Code   RO          705    i._ZdaPv            cpprt_w.l(array_del.o)
    0x08005152   0x08005152   0x00000008   Code   RO          771    i._ZdlPv            cpprt_w.l(delete.o)
    0x0800515a   0x0800515a   0x00000008   Code   RO          708    i._Znaj             cpprt_w.l(array_new.o)
    0x08005162   0x08005162   0x00000002   PAD
    0x08005164   0x08005164   0x00000028   Code   RO          774    i._Znwj             cpprt_w.l(new.o)
    0x0800518c   0x0800518c   0x00000030   Code   RO         1051    i.__ARM_fpclassify  m_wm.l(fpclassify.o)
    0x080051bc   0x080051bc   0x0000000e   Code   RO          674    i._is_digit         c_w.l(__printf_wp.o)
    0x080051ca   0x080051ca   0x00000002   PAD
    0x080051cc   0x080051cc   0x0000002c   Code   RO          918    locale$$code        c_w.l(lc_numeric_c.o)
    0x080051f8   0x080051f8   0x0000000c   Code   RO          794    x$fpl$dretinf       fz_wm.l(dretinf.o)
    0x08005204   0x08005204   0x00000056   Code   RO          712    x$fpl$f2d           fz_wm.l(f2d.o)
    0x0800525a   0x0800525a   0x0000008c   Code   RO          796    x$fpl$fnaninf       fz_wm.l(fnaninf.o)
    0x080052e6   0x080052e6   0x0000000a   Code   RO         1047    x$fpl$fpinit        fz_wm.l(fpinit.o)
    0x080052f0   0x080052f0   0x00000004   Code   RO          714    x$fpl$printf1       fz_wm.l(printf1.o)
    0x080052f4   0x080052f4   0x00000000   Code   RO          798    x$fpl$usenofp       fz_wm.l(usenofp.o)
    0x080052f4   0x080052f4   0x00000011   Data   RO          677    .constdata          c_w.l(__printf_flags_wp.o)
    0x08005305   0x08005305   0x00000003   PAD
    0x08005308   0x08005308   0x00000094   Data   RO          893    .constdata          c_w.l(bigflt0.o)
    0x0800539c   0x0800539c   0x00000020   Data   RO         1239    Region$$Table       anon$$obj.o
    0x080053bc   0x080053bc   0x0000001c   Data   RO          917    locale$$data        c_w.l(lc_numeric_c.o)
    0x080053d8   0x080053d8   0x00000004   Data   RO            8    .init_array         main.o
    0x080053dc   0x080053d8   0x00000000   Data   RO          700    .init_array         c_w.l(init_aeabi.o)


    Execution Region RW_IRAM1 (Exec base: 0x20000000, Load base: 0x080053dc, Size: 0x00000698, Max: 0x00020000, ABSOLUTE)

    Exec Addr    Load Addr    Size         Type   Attr      Idx    E Section Name        Object

    0x20000000   0x080053dc   0x00000013   Data   RW            7    .data               main.o
    0x20000013   0x080053ef   0x00000010   Data   RW          453    .data               stm32f4xx_rcc.o
    0x20000023   0x080053ff   0x00000001   PAD
    0x20000024   0x08005400   0x00000014   Data   RW          599    .data               system_stm32f4xx.o
    0x20000038        -       0x00000060   Zero   RW         1054    .bss                c_w.l(libspace.o)
    0x20000098        -       0x00000200   Zero   RW          648    HEAP                startup_stm32f407xx.o
    0x20000298        -       0x00000400   Zero   RW          647    STACK               startup_stm32f407xx.o


==============================================================================

Image component sizes


      Code (inc. data)   RO Data    RW Data    ZI Data      Debug   Object Name

       584          8          0          0          0       2854   25lc256.o
       340        122          0          0          0       2219   at_command.o
       720         32          0          0          0       3016   ds1307.o
       640         34          0          0          0       2755   function.o
      2472        210          4         19          0     323963   main.o
       224         20          0          0          0       2069   misc.o
        64         26        392          0       1536        900   startup_stm32f407xx.o
       660         44          0          0          0     311737   stm32f4xx_gpio.o
      1110         26          0          0          0       8927   stm32f4xx_i2c.o
      1628         52          0         16          0      13436   stm32f4xx_rcc.o
      1152         36          0          0          0       7161   stm32f4xx_spi.o
      3234         60          0          0          0      23268   stm32f4xx_tim.o
      1108         34          0          0          0       8136   stm32f4xx_usart.o
       528         46          0         20          0       2035   system_stm32f4xx.o
       232         12          0          0          0       1857   u_print.o

    ----------------------------------------------------------------------
     14700        762        428         56       1536     714333   Object Totals
         0          0         32          0          0          0   (incl. Generated)
         4          0          0          1          0          0   (incl. Padding)

    ----------------------------------------------------------------------

      Code (inc. data)   RO Data    RW Data    ZI Data      Debug   Library Member Name

        44          6          0          0          0         84   __2sprintf.o
         8          0          0          0          0         68   __main.o
       312          4         17          0          0         92   __printf_flags_wp.o
        14          0          0          0          0         68   __printf_wp.o
         0          0          0          0          0          0   __rtentry.o
        12          0          0          0          0          0   __rtentry2.o
         6          0          0          0          0          0   __rtentry4.o
        52          8          0          0          0          0   __scatter.o
        26          0          0          0          0          0   __scatter_copy.o
        28          0          0          0          0          0   __scatter_zi.o
        48          6          0          0          0         96   _printf_char_common.o
         6          0          0          0          0          0   _printf_d.o
       120         16          0          0          0         92   _printf_dec.o
         6          0          0          0          0          0   _printf_f.o
      1054          0          0          0          0        216   _printf_fp_dec.o
       128         16          0          0          0         84   _printf_fp_infnan.o
       178          0          0          0          0         88   _printf_intcommon.o
         0          0          0          0          0          0   _printf_percent.o
         4          0          0          0          0          0   _printf_percent_end.o
        10          0          0          0          0         68   _sputc.o
        22          0          0          0          0         80   abort.o
       228          4        148          0          0         96   bigflt0.o
      1936        128          0          0          0        672   btod.o
        48         34          0          0          0         76   defsig_abrt_inner.o
        14          0          0          0          0         80   defsig_abrt_outer.o
        10          0          0          0          0         68   defsig_exit.o
        50          0          0          0          0         88   defsig_general.o
        80         58          0          0          0         76   defsig_rtmem_inner.o
        14          0          0          0          0         80   defsig_rtmem_outer.o
        18          0          0          0          0         80   exit.o
        94          0          0          0          0         80   h1_alloc.o
        52          0          0          0          0         68   h1_extend.o
        78          0          0          0          0         80   h1_free.o
        14          0          0          0          0         84   h1_init.o
         6          0          0          0          0        152   heapauxi.o
         4          0          0          0          0        136   hguard.o
         0          0          0          0          0          0   indicate_semi.o
        36         10          0          0          0         80   init_aeabi.o
       138          0          0          0          0        168   init_alloc.o
        44         10         28          0          0         76   lc_numeric_c.o
         2          0          0          0          0          0   libinit.o
        34          0          0          0          0          0   libinit2.o
         2          0          0          0          0          0   libshutdown.o
         2          0          0          0          0          0   libshutdown2.o
         8          4          0          0         96         68   libspace.o
       138          0          0          0          0         80   lludiv10.o
         0          0          0          0          0          0   maybetermalloc1.o
         8          4          0          0          0         68   rt_eh_globals_addr_intlibspace.o
         8          4          0          0          0         68   rt_heap_descriptor_intlibspace.o
         8          4          0          0          0         68   rt_locale_intlibspace.o
        78          0          0          0          0         80   rt_memclr_w.o
         8          4          0          0          0         68   rt_new_handler_addr_intlibspace.o
         2          0          0          0          0          0   rtexit.o
        10          0          0          0          0          0   rtexit2.o
       128          0          0          0          0         68   strcmpv7m.o
        72          0          0          0          0         80   strcpy.o
        36          0          0          0          0         80   strstr.o
        12          4          0          0          0         68   sys_exit.o
        74          0          0          0          0         80   sys_stackheap_outer.o
        14          0          0          0          0         76   sys_wrch.o
         2          0          0          0          0         68   use_no_semi.o
        80         12          0          0          0        104   arm_exceptions_globs.o
        60          0          0          0          0        108   arm_exceptions_mem.o
        26          0          0          0          0         76   arm_exceptions_terminate.o
         4          0          0          0          0         68   arm_newhandler_noexceptions.o
         8          0          0          0          0         76   array_del.o
         8          0          0          0          0         76   array_new.o
         8          0          0          0          0         76   delete.o
        40          6          0          0          0         76   new.o
        12          0          0          0          0        116   dretinf.o
        86          4          0          0          0        132   f2d.o
       140          4          0          0          0        132   fnaninf.o
        10          0          0          0          0        116   fpinit.o
         4          0          0          0          0        116   printf1.o
         0          0          0          0          0          0   usenofp.o
        48          0          0          0          0        124   fpclassify.o

    ----------------------------------------------------------------------
      6144        350        196          0         96       5692   Library Totals
        22          0          3          0          0          0   (incl. Padding)

    ----------------------------------------------------------------------

      Code (inc. data)   RO Data    RW Data    ZI Data      Debug   Library Name

      5588        324        193          0         96       4296   c_w.l
       234         18          0          0          0        660   cpprt_w.l
       252          8          0          0          0        612   fz_wm.l
        48          0          0          0          0        124   m_wm.l

    ----------------------------------------------------------------------
      6144        350        196          0         96       5692   Library Totals

    ----------------------------------------------------------------------

==============================================================================


      Code (inc. data)   RO Data    RW Data    ZI Data      Debug   

     20844       1112        624         56       1632     713213   Grand Totals
     20844       1112        624         56       1632     713213   ELF Image Totals
     20844       1112        624         56          0          0   ROM Totals

==============================================================================

    Total RO  Size (Code + RO Data)                21468 (  20.96kB)
    Total RW  Size (RW Data + ZI Data)              1688 (   1.65kB)
    Total ROM Size (Code + RO Data + RW Data)      21524 (  21.02kB)

==============================================================================

